******************************************************************************
                  TI ARM Linker PC v20.2.7                     
******************************************************************************
>> Linked Thu Apr  4 13:51:03 2024

OUTPUT FILE NAME:   <Lab10.out>
ENTRY POINT SYMBOL: "_c_int00_noargs"  address: 00002e11


MEMORY CONFIGURATION

         name            origin    length      used     unused   attr    fill
----------------------  --------  ---------  --------  --------  ----  --------
  FLASH                 00000000   00040000  0000313d  0003cec3  R  X
  SRAM                  20000000   00008000  000022f4  00005d0c  RW X


SEGMENT ALLOCATION MAP

run origin  load origin   length   init length attrs members
----------  ----------- ---------- ----------- ----- -------
00000000    00000000    00003140   00003140    r-x
  00000000    00000000    0000026c   0000026c    r-- .intvecs
  0000026c    0000026c    00002d80   00002d80    r-x .text
  00002fec    00002fec    00000109   00000109    r-- .const
  000030f8    000030f8    00000048   00000048    r-- .cinit
20000000    20000000    000022f8   00000000    rw-
  20000000    20000000    0000026c   00000000    rw- .vtable
  20000270    20000270    00001000   00000000    rw- .stack
  20001270    20001270    00001000   00000000    rw- .sysmem
  20002270    20002270    00000058   00000000    rw- .bss
  200022c8    200022c8    00000030   00000000    rw- .data


SECTION ALLOCATION MAP

 output                                  attributes/
section   page    origin      length       input sections
--------  ----  ----------  ----------   ----------------
.intvecs   0    00000000    0000026c     
                  00000000    0000026c     tm4c123gh6pm_startup_ccs.obj (.intvecs)

.text      0    0000026c    00002d80     
                  0000026c    00000a4e     rtsv7M4_T_le_v4SPD16_eabi.lib : _printfi.c.obj (.text:__TI_printfi)
                  00000cba    00000002                                   : div0.asm.obj (.text)
                  00000cbc    00000328     lcd.obj (.text)
                  00000fe4    000002bc     servo.obj (.text)
                  000012a0    00000270     rtsv7M4_T_le_v4SPD16_eabi.lib : _printfi.c.obj (.text:_pconv_a)
                  00001510    00000254     ping.obj (.text)
                  00001764    00000248     Timer.obj (.text)
                  000019ac    00000230     uart-interrupt.obj (.text)
                  00001bdc    000001d0     rtsv7M4_T_le_v4SPD16_eabi.lib : _printfi.c.obj (.text:_pconv_g)
                  00001dac    000001b6                                   : fd_add_t2.asm.obj (.text)
                  00001f62    00000002     --HOLE-- [fill = 0]
                  00001f64    0000013c                                   : _printfi.c.obj (.text:_pconv_e)
                  000020a0    00000136                                   : fd_div_t2.asm.obj (.text)
                  000021d6    00000002     --HOLE-- [fill = 0]
                  000021d8    00000124                                   : _printfi.c.obj (.text:fcvt)
                  000022fc    00000110                                   : s_scalbn.c.obj (.text:scalbn)
                  0000240c    000000fc                                   : fd_mul_t2.asm.obj (.text)
                  00002508    000000ec     main.obj (.text)
                  000025f4    000000b1     rtsv7M4_T_le_v4SPD16_eabi.lib : _printfi.c.obj (.text:_ltostr)
                  000026a5    00000001     --HOLE-- [fill = 0]
                  000026a6    0000009c                                   : memcpy_t2.asm.obj (.text)
                  00002742    00000096                                   : ull_div_t2.asm.obj (.text)
                  000027d8    00000086                                   : fd_cmp_t2.asm.obj (.text:__aeabi_cdcmple)
                  0000285e    00000086                                   : fd_cmp_t2.asm.obj (.text:__aeabi_cdrcmple)
                  000028e4    00000080     button.obj (.text)
                  00002964    0000007a     rtsv7M4_T_le_v4SPD16_eabi.lib : memset_t2.asm.obj (.text)
                  000029de    0000006e                                   : _printfi.c.obj (.text:_mcpy)
                  00002a4c    0000006e                                   : fd_tos_t2.asm.obj (.text)
                  00002aba    00000068                                   : copy_decompress_lzss.c.obj (.text:decompress:lzss:__TI_decompress_lzss)
                  00002b22    00000002     --HOLE-- [fill = 0]
                  00002b24    00000064                                   : s_frexp.c.obj (.text:frexp)
                  00002b88    00000056                                   : _printfi.c.obj (.text:_pconv_f)
                  00002bde    00000054                                   : _ltoa.c.obj (.text:__TI_ltoa)
                  00002c32    00000052                                   : _printfi.c.obj (.text:_ecpy)
                  00002c84    0000004c                                   : atoi.c.obj (.text:atoi)
                  00002cd0    00000048                                   : fd_toi_t2.asm.obj (.text)
                  00002d18    00000044                                   : autoinit.c.obj (.text:__TI_auto_init_nobinit_nopinit:__TI_auto_init_nobinit_nopinit)
                  00002d5c    00000040                                   : vsnprintf.c.obj (.text:vsnprintf)
                  00002d9c    0000003e                                   : _printfi.c.obj (.text:_fcpy)
                  00002dda    00000002     --HOLE-- [fill = 0]
                  00002ddc    00000034     driverlib.lib : interrupt.obj (.text:IntRegister)
                  00002e10    00000034     rtsv7M4_T_le_v4SPD16_eabi.lib : boot_cortex_m.c.obj (.text:_c_int00_noargs:_c_int00_noargs)
                  00002e44    00000030                                   : vsnprintf.c.obj (.text:_outs)
                  00002e74    0000002e                                   : i_tofd_t2.asm.obj (.text)
                  00002ea2    00000020                                   : u_tofd_t2.asm.obj (.text)
                  00002ec2    0000001c                                   : copy_zero_init.c.obj (.text:decompress:ZI:__TI_zero_init_nomemset:__TI_zero_init_nomemset)
                  00002ede    0000001c                                   : memccpy.c.obj (.text:memccpy)
                  00002efa    0000001a                                   : s_copysign.c.obj (.text:copysign)
                  00002f14    00000018                                   : vsnprintf.c.obj (.text:_outc)
                  00002f2c    00000018                                   : strcmp.c.obj (.text:strcmp)
                  00002f44    00000016                                   : strchr.c.obj (.text:strchr)
                  00002f5a    00000014                                   : strcpy.c.obj (.text:strcpy)
                  00002f6e    00000014                                   : strlen.c.obj (.text:strlen)
                  00002f82    00000012                                   : wcslen.c.obj (.text:wcslen)
                  00002f94    00000010     driverlib.lib : interrupt.obj (.text:IntMasterEnable)
                  00002fa4    00000010     lcd.obj (.text:lcd_clear)
                  00002fb4    0000000e     rtsv7M4_T_le_v4SPD16_eabi.lib : copy_decompress_none.c.obj (.text:decompress:none:__TI_decompress_none)
                  00002fc2    0000000c     driverlib.lib : cpu.obj (.text:CPUcpsie)
                  00002fce    0000000c     tm4c123gh6pm_startup_ccs.obj (.text)
                  00002fda    00000002     --HOLE-- [fill = 0]
                  00002fdc    00000008     rtsv7M4_T_le_v4SPD16_eabi.lib : errno.c.obj (.text:__aeabi_errno_addr)
                  00002fe4    00000004                                   : pre_init.c.obj (.text:_system_pre_init)
                  00002fe8    00000004                                   : exit.c.obj (.text:abort:abort)

.const     0    00002fec    00000109     
                  00002fec    00000101     rtsv7M4_T_le_v4SPD16_eabi.lib : ctype.c.obj (.const:.string:_ctypes_)
                  000030ed    00000004     lcd.obj (.const:.string:lineAddress$1)
                  000030f1    00000004     lcd.obj (.const:.string:lineAddresses$2)

.cinit     0    000030f8    00000048     
                  000030f8    00000014     (.cinit..data.load) [load image, compression = lzss]
                  0000310c    0000000c     (__TI_handler_table)
                  00003118    00000008     (.cinit..bss.load) [load image, compression = zero_init]
                  00003120    00000008     (.cinit..vtable.load) [load image, compression = zero_init]
                  00003128    00000018     (__TI_cinit_table)

.init_array 
*          0    00000000    00000000     UNINITIALIZED

.vtable    0    20000000    0000026c     UNINITIALIZED
                  20000000    0000026c     driverlib.lib : interrupt.obj (.vtable)

.stack     0    20000270    00001000     UNINITIALIZED
                  20000270    00000004     rtsv7M4_T_le_v4SPD16_eabi.lib : boot_cortex_m.c.obj (.stack)
                  20000274    00000ffc     --HOLE--

.sysmem    0    20001270    00001000     UNINITIALIZED
                  20001270    00000010     rtsv7M4_T_le_v4SPD16_eabi.lib : memory.c.obj (.sysmem)
                  20001280    00000ff0     --HOLE--

.bss       0    20002270    00000058     UNINITIALIZED
                  20002270    00000054     lcd.obj (.bss:lastbuffer$3)
                  200022c4    00000004     (.common:_timeout_ticks)

.data      0    200022c8    00000030     UNINITIALIZED
                  200022c8    00000011     uart-interrupt.obj (.data)
                  200022d9    00000001     Timer.obj (.data)
                  200022da    00000001     button.obj (.data)
                  200022db    00000001     --HOLE--
                  200022dc    0000000c     servo.obj (.data)
                  200022e8    00000009     ping.obj (.data)
                  200022f1    00000003     --HOLE--
                  200022f4    00000004     rtsv7M4_T_le_v4SPD16_eabi.lib : errno.c.obj (.data)

__llvm_prf_cnts 
*          0    20000000    00000000     UNINITIALIZED

MODULE SUMMARY

       Module                         code    ro data   rw data
       ------                         ----    -------   -------
    .\
       lcd.obj                        824     8         84     
       servo.obj                      700     0         12     
       tm4c123gh6pm_startup_ccs.obj   12      620       0      
       ping.obj                       596     0         9      
       Timer.obj                      584     0         5      
       uart-interrupt.obj             560     0         17     
       main.obj                       236     0         0      
       button.obj                     128     0         1      
    +--+------------------------------+-------+---------+---------+
       Total:                         3640    628       128    
                                                               
    C:/ti/TivaWare_C_Series-2.2.0.295/driverlib/ccs/Debug/driverlib.lib
       interrupt.obj                  68      0         620    
       cpu.obj                        12      0         0      
    +--+------------------------------+-------+---------+---------+
       Total:                         80      0         620    
                                                               
    C:\ti\ccs1230\ccs\tools\compiler\ti-cgt-arm_20.2.7.LTS\lib\rtsv7M4_T_le_v4SPD16_eabi.lib
       _printfi.c.obj                 4851    0         0      
       fd_add_t2.asm.obj              438     0         0      
       fd_div_t2.asm.obj              310     0         0      
       s_scalbn.c.obj                 272     0         0      
       fd_cmp_t2.asm.obj              268     0         0      
       ctype.c.obj                    0       257       0      
       fd_mul_t2.asm.obj              252     0         0      
       memcpy_t2.asm.obj              156     0         0      
       ull_div_t2.asm.obj             150     0         0      
       vsnprintf.c.obj                136     0         0      
       memset_t2.asm.obj              122     0         0      
       fd_tos_t2.asm.obj              110     0         0      
       copy_decompress_lzss.c.obj     104     0         0      
       s_frexp.c.obj                  100     0         0      
       _ltoa.c.obj                    84      0         0      
       atoi.c.obj                     76      0         0      
       fd_toi_t2.asm.obj              72      0         0      
       autoinit.c.obj                 68      0         0      
       boot_cortex_m.c.obj            52      0         0      
       i_tofd_t2.asm.obj              46      0         0      
       u_tofd_t2.asm.obj              32      0         0      
       copy_zero_init.c.obj           28      0         0      
       memccpy.c.obj                  28      0         0      
       s_copysign.c.obj               26      0         0      
       strcmp.c.obj                   24      0         0      
       strchr.c.obj                   22      0         0      
       strcpy.c.obj                   20      0         0      
       strlen.c.obj                   20      0         0      
       wcslen.c.obj                   18      0         0      
       copy_decompress_none.c.obj     14      0         0      
       errno.c.obj                    8       0         4      
       exit.c.obj                     4       0         0      
       pre_init.c.obj                 4       0         0      
       div0.asm.obj                   2       0         0      
    +--+------------------------------+-------+---------+---------+
       Total:                         7917    257       4      
                                                               
       Heap:                          0       0         4096   
       Stack:                         0       0         4096   
       Linker Generated:              0       72        0      
    +--+------------------------------+-------+---------+---------+
       Grand Total:                   11637   957       8944   


LINKER GENERATED COPY TABLES

__TI_cinit_table @ 00003128 records: 3, size/record: 8, table size: 24
	.data: load addr=000030f8, load size=00000014 bytes, run addr=200022c8, run size=00000030 bytes, compression=lzss
	.bss: load addr=00003118, load size=00000008 bytes, run addr=20002270, run size=00000058 bytes, compression=zero_init
	.vtable: load addr=00003120, load size=00000008 bytes, run addr=20000000, run size=0000026c bytes, compression=zero_init


LINKER GENERATED HANDLER TABLE

__TI_handler_table @ 0000310c records: 3, size/record: 4, table size: 12
	index: 0, handler: __TI_zero_init
	index: 1, handler: __TI_decompress_lzss
	index: 2, handler: __TI_decompress_none


GLOBAL SYMBOLS: SORTED ALPHABETICALLY BY Name 

address   name                          
-------   ----                          
00002fe9  C$$EXIT                       
00002fc3  CPUcpsie                      
200022ec  END_TIME                      
00002f95  IntMasterEnable               
00002ddd  IntRegister                   
00002fcf  ResetISR                      
200022e8  START_TIME                    
200022f0  STATE                         
00001629  TIMER3B_Handler               
00001aef  UART1_Handler                 
20001270  __STACK_END                   
00001000  __STACK_SIZE                  
20000470  __STACK_TOP                   
00001000  __SYSMEM_SIZE                 
00003128  __TI_CINIT_Base               
00003140  __TI_CINIT_Limit              
0000310c  __TI_Handler_Table_Base       
00003118  __TI_Handler_Table_Limit      
00002d19  __TI_auto_init_nobinit_nopinit
00002abb  __TI_decompress_lzss          
00002fb5  __TI_decompress_none          
00002bdf  __TI_ltoa                     
ffffffff  __TI_pprof_out_hndl           
0000026d  __TI_printfi                  
ffffffff  __TI_prof_data_size           
ffffffff  __TI_prof_data_start          
00000000  __TI_static_base__            
00002ec3  __TI_zero_init_nomemset       
000027d9  __aeabi_cdcmpeq               
000027d9  __aeabi_cdcmple               
0000285f  __aeabi_cdrcmple              
00002a4d  __aeabi_d2f                   
00002cd1  __aeabi_d2iz                  
00001db7  __aeabi_dadd                  
000020a1  __aeabi_ddiv                  
0000240d  __aeabi_dmul                  
00001dad  __aeabi_dsub                  
00002fdd  __aeabi_errno_addr            
00002e75  __aeabi_i2d                   
00000cbb  __aeabi_idiv0                 
00000cbb  __aeabi_ldiv0                 
00002965  __aeabi_memclr                
00002965  __aeabi_memclr4               
00002965  __aeabi_memclr8               
000026a7  __aeabi_memcpy                
000026a7  __aeabi_memcpy4               
000026a7  __aeabi_memcpy8               
00002967  __aeabi_memset                
00002967  __aeabi_memset4               
00002967  __aeabi_memset8               
00002ea3  __aeabi_ui2d                  
00002743  __aeabi_uldivmod              
ffffffff  __binit__                     
ffffffff  __c_args__                    
UNDEFED   __mpu_init                    
20000270  __stack                       
20000000  __start___llvm_prf_cnts       
20000000  __stop___llvm_prf_cnts        
00002e11  _c_int00_noargs               
00002fec  _ctypes_                      
200022d9  _running                      
20001270  _sys_memory                   
UNDEFED   _system_post_cinit            
00002fe5  _system_pre_init              
200022c4  _timeout_ticks                
00002fe9  abort                         
00002c85  atoi                          
ffffffff  binit                         
00002919  button_getButton              
000028e5  button_init                   
200022d8  byte_received                 
00002efb  copysign                      
00002efb  copysignl                     
200022f4  errno                         
00002b25  frexp                         
00002b25  frexpl                        
20000000  g_pfnRAMVectors               
00000000  g_pfnVectors                  
200022d4  kill_action                   
00002fa5  lcd_clear                     
00000e91  lcd_gotoLine                  
00000cf9  lcd_init                      
00000ef7  lcd_printf                    
00000db9  lcd_putc                      
00000df1  lcd_puts                      
00000cbd  lcd_reverseNibble             
00000e0f  lcd_sendCommand               
00000e4d  lcd_sendNibble                
00000eb9  lcd_setCursorPos              
000022fd  ldexp                         
000022fd  ldexpl                        
00002527  main                          
00002edf  memccpy                       
000026a7  memcpy                        
0000296d  memset                        
0000166d  ping_getDistance              
00001511  ping_init                     
000015ab  ping_trigger                  
200022dc  pos0                          
200022e0  pos180                        
200022cc  run_calibrate                 
200022d0  run_go                        
200022c8  run_scan                      
000022fd  scalbn                        
000022fd  scalbnl                       
00002509  scan                          
000010d7  servo_calibrate               
00000fe5  servo_init                    
00001067  servo_set                     
00002f45  strchr                        
00002f2d  strcmp                        
00002f5b  strcpy                        
00002f6f  strlen                        
00001883  timer_getMicros               
0000182b  timer_getMillis               
00001765  timer_init                    
00001807  timer_pause                   
00001819  timer_resume                  
000017dd  timer_stop                    
000018dd  timer_waitMicros              
0000190f  timer_waitMillis              
000019ad  uart_interrupt_init           
00001abd  uart_receive                  
00001aa1  uart_sendChar                 
00001ad1  uart_sendStr                  
00002d5d  vsnprintf                     
00002f83  wcslen                        


GLOBAL SYMBOLS: SORTED BY Symbol Address 

address   name                          
-------   ----                          
00000000  __TI_static_base__            
00000000  g_pfnVectors                  
0000026d  __TI_printfi                  
00000cbb  __aeabi_idiv0                 
00000cbb  __aeabi_ldiv0                 
00000cbd  lcd_reverseNibble             
00000cf9  lcd_init                      
00000db9  lcd_putc                      
00000df1  lcd_puts                      
00000e0f  lcd_sendCommand               
00000e4d  lcd_sendNibble                
00000e91  lcd_gotoLine                  
00000eb9  lcd_setCursorPos              
00000ef7  lcd_printf                    
00000fe5  servo_init                    
00001000  __STACK_SIZE                  
00001000  __SYSMEM_SIZE                 
00001067  servo_set                     
000010d7  servo_calibrate               
00001511  ping_init                     
000015ab  ping_trigger                  
00001629  TIMER3B_Handler               
0000166d  ping_getDistance              
00001765  timer_init                    
000017dd  timer_stop                    
00001807  timer_pause                   
00001819  timer_resume                  
0000182b  timer_getMillis               
00001883  timer_getMicros               
000018dd  timer_waitMicros              
0000190f  timer_waitMillis              
000019ad  uart_interrupt_init           
00001aa1  uart_sendChar                 
00001abd  uart_receive                  
00001ad1  uart_sendStr                  
00001aef  UART1_Handler                 
00001dad  __aeabi_dsub                  
00001db7  __aeabi_dadd                  
000020a1  __aeabi_ddiv                  
000022fd  ldexp                         
000022fd  ldexpl                        
000022fd  scalbn                        
000022fd  scalbnl                       
0000240d  __aeabi_dmul                  
00002509  scan                          
00002527  main                          
000026a7  __aeabi_memcpy                
000026a7  __aeabi_memcpy4               
000026a7  __aeabi_memcpy8               
000026a7  memcpy                        
00002743  __aeabi_uldivmod              
000027d9  __aeabi_cdcmpeq               
000027d9  __aeabi_cdcmple               
0000285f  __aeabi_cdrcmple              
000028e5  button_init                   
00002919  button_getButton              
00002965  __aeabi_memclr                
00002965  __aeabi_memclr4               
00002965  __aeabi_memclr8               
00002967  __aeabi_memset                
00002967  __aeabi_memset4               
00002967  __aeabi_memset8               
0000296d  memset                        
00002a4d  __aeabi_d2f                   
00002abb  __TI_decompress_lzss          
00002b25  frexp                         
00002b25  frexpl                        
00002bdf  __TI_ltoa                     
00002c85  atoi                          
00002cd1  __aeabi_d2iz                  
00002d19  __TI_auto_init_nobinit_nopinit
00002d5d  vsnprintf                     
00002ddd  IntRegister                   
00002e11  _c_int00_noargs               
00002e75  __aeabi_i2d                   
00002ea3  __aeabi_ui2d                  
00002ec3  __TI_zero_init_nomemset       
00002edf  memccpy                       
00002efb  copysign                      
00002efb  copysignl                     
00002f2d  strcmp                        
00002f45  strchr                        
00002f5b  strcpy                        
00002f6f  strlen                        
00002f83  wcslen                        
00002f95  IntMasterEnable               
00002fa5  lcd_clear                     
00002fb5  __TI_decompress_none          
00002fc3  CPUcpsie                      
00002fcf  ResetISR                      
00002fdd  __aeabi_errno_addr            
00002fe5  _system_pre_init              
00002fe9  C$$EXIT                       
00002fe9  abort                         
00002fec  _ctypes_                      
0000310c  __TI_Handler_Table_Base       
00003118  __TI_Handler_Table_Limit      
00003128  __TI_CINIT_Base               
00003140  __TI_CINIT_Limit              
20000000  __start___llvm_prf_cnts       
20000000  __stop___llvm_prf_cnts        
20000000  g_pfnRAMVectors               
20000270  __stack                       
20000470  __STACK_TOP                   
20001270  __STACK_END                   
20001270  _sys_memory                   
200022c4  _timeout_ticks                
200022c8  run_scan                      
200022cc  run_calibrate                 
200022d0  run_go                        
200022d4  kill_action                   
200022d8  byte_received                 
200022d9  _running                      
200022dc  pos0                          
200022e0  pos180                        
200022e8  START_TIME                    
200022ec  END_TIME                      
200022f0  STATE                         
200022f4  errno                         
ffffffff  __TI_pprof_out_hndl           
ffffffff  __TI_prof_data_size           
ffffffff  __TI_prof_data_start          
ffffffff  __binit__                     
ffffffff  __c_args__                    
ffffffff  binit                         
UNDEFED   __mpu_init                    
UNDEFED   _system_post_cinit            

[127 symbols]
