******************************************************************************
                  TI ARM Linker PC v20.2.7                     
******************************************************************************
>> Linked Tue Mar 19 14:09:26 2024

OUTPUT FILE NAME:   <Lab7.out>
ENTRY POINT SYMBOL: "_c_int00_noargs"  address: 00004675


MEMORY CONFIGURATION

         name            origin    length      used     unused   attr    fill
----------------------  --------  ---------  --------  --------  ----  --------
  FLASH                 00000000   00040000  00004a64  0003b59c  R  X
  SRAM                  20000000   00008000  00002346  00005cba  RW X


SEGMENT ALLOCATION MAP

run origin  load origin   length   init length attrs members
----------  ----------- ---------- ----------- ----- -------
00000000    00000000    00004a68   00004a68    r-x
  00000000    00000000    0000026c   0000026c    r-- .intvecs
  0000026c    0000026c    00004690   00004690    r-x .text
  000048fc    000048fc    00000118   00000118    r-- .const
  00004a18    00004a18    00000050   00000050    r-- .cinit
20000000    20000000    0000234d   00000000    rw-
  20000000    20000000    0000026c   00000000    rw- .vtable
  20000270    20000270    00001000   00000000    rw- .stack
  20001270    20001270    00001000   00000000    rw- .sysmem
  20002270    20002270    00000091   00000000    rw- .bss
  20002304    20002304    00000049   00000000    rw- .data


SECTION ALLOCATION MAP

 output                                  attributes/
section   page    origin      length       input sections
--------  ----  ----------  ----------   ----------------
.intvecs   0    00000000    0000026c     
                  00000000    0000026c     tm4c123gh6pm_startup_ccs.obj (.intvecs)

.text      0    0000026c    00004690     
                  0000026c    00000c20     open_interface.obj (.text)
                  00000e8c    00000a4e     rtsv7M4_T_le_v4SPD16_eabi.lib : _printfi.c.obj (.text:__TI_printfi)
                  000018da    00000002                                   : _lock.c.obj (.text:_nop)
                  000018dc    00000550     main.obj (.text)
                  00001e2c    000003b4     movement.obj (.text)
                  000021e0    00000328     lcd.obj (.text)
                  00002508    00000270     rtsv7M4_T_le_v4SPD16_eabi.lib : _printfi.c.obj (.text:_pconv_a)
                  00002778    00000260     libcybotScan.lib : cyBot_Scan.obj (.text)
                  000029d8    00000248     Timer.obj (.text)
                  00002c20    00000220     uart-interrupt.obj (.text)
                  00002e40    000001ec     libcybotScan.lib : ping.obj (.text)
                  0000302c    000001d0     rtsv7M4_T_le_v4SPD16_eabi.lib : _printfi.c.obj (.text:_pconv_g)
                  000031fc    000001b6                                   : fd_add_t2.asm.obj (.text)
                  000033b2    00000002                                   : div0.asm.obj (.text)
                  000033b4    00000158     libcybotScan.lib : servo.obj (.text)
                  0000350c    0000013c     rtsv7M4_T_le_v4SPD16_eabi.lib : _printfi.c.obj (.text:_pconv_e)
                  00003648    00000136                                   : fd_div_t2.asm.obj (.text)
                  0000377e    00000002     --HOLE-- [fill = 0]
                  00003780    00000124                                   : _printfi.c.obj (.text:fcvt)
                  000038a4    00000118     libcybotScan.lib : ir.obj (.text)
                  000039bc    00000110     rtsv7M4_T_le_v4SPD16_eabi.lib : s_scalbn.c.obj (.text:scalbn)
                  00003acc    00000100                                   : memory.c.obj (.text:aligned_alloc)
                  00003bcc    000000fc                                   : fd_mul_t2.asm.obj (.text)
                  00003cc8    000000e4                                   : memory.c.obj (.text:free)
                  00003dac    000000b1                                   : _printfi.c.obj (.text:_ltostr)
                  00003e5d    00000001     --HOLE-- [fill = 0]
                  00003e5e    0000009c                                   : memcpy_t2.asm.obj (.text)
                  00003efa    00000096                                   : ull_div_t2.asm.obj (.text)
                  00003f90    00000086                                   : fd_cmp_t2.asm.obj (.text:__aeabi_cdcmple)
                  00004016    00000086                                   : fd_cmp_t2.asm.obj (.text:__aeabi_cdrcmple)
                  0000409c    0000007a                                   : memset_t2.asm.obj (.text)
                  00004116    00000002     --HOLE-- [fill = 0]
                  00004118    00000070                                   : memory.c.obj (.text:split)
                  00004188    0000006e                                   : _printfi.c.obj (.text:_mcpy)
                  000041f6    0000006e                                   : fd_tos_t2.asm.obj (.text)
                  00004264    00000068                                   : copy_decompress_lzss.c.obj (.text:decompress:lzss:__TI_decompress_lzss)
                  000042cc    00000064                                   : s_frexp.c.obj (.text:frexp)
                  00004330    00000056                                   : _printfi.c.obj (.text:_pconv_f)
                  00004386    00000054                                   : _ltoa.c.obj (.text:__TI_ltoa)
                  000043da    00000052                                   : _printfi.c.obj (.text:_ecpy)
                  0000442c    0000004c                                   : atoi.c.obj (.text:atoi)
                  00004478    0000004c                                   : snprintf.c.obj (.text:snprintf)
                  000044c4    00000048                                   : fd_toi_t2.asm.obj (.text)
                  0000450c    00000044                                   : autoinit.c.obj (.text:__TI_auto_init_nobinit_nopinit:__TI_auto_init_nobinit_nopinit)
                  00004550    00000040                                   : vsnprintf.c.obj (.text:vsnprintf)
                  00004590    0000003e                                   : _printfi.c.obj (.text:_fcpy)
                  000045ce    00000002     --HOLE-- [fill = 0]
                  000045d0    00000038                                   : memory.c.obj (.text:calloc)
                  00004608    00000038                                   : fs_tod_t2.asm.obj (.text)
                  00004640    00000034     driverlib.lib : interrupt.obj (.text:IntRegister)
                  00004674    00000034     rtsv7M4_T_le_v4SPD16_eabi.lib : boot_cortex_m.c.obj (.text:_c_int00_noargs:_c_int00_noargs)
                  000046a8    00000030                                   : snprintf.c.obj (.text:_outs)
                  000046d8    00000030                                   : vsnprintf.c.obj (.text:_outs)
                  00004708    0000002e                                   : i_tofd_t2.asm.obj (.text)
                  00004736    00000002     --HOLE-- [fill = 0]
                  00004738    00000028                                   : memory.c.obj (.text:free_list_insert)
                  00004760    00000020                                   : u_tofd_t2.asm.obj (.text)
                  00004780    0000001c                                   : copy_zero_init.c.obj (.text:decompress:ZI:__TI_zero_init_nomemset:__TI_zero_init_nomemset)
                  0000479c    0000001c                                   : memory.c.obj (.text:free_list_remove)
                  000047b8    0000001c                                   : memccpy.c.obj (.text:memccpy)
                  000047d4    0000001a                                   : s_copysign.c.obj (.text:copysign)
                  000047ee    00000018                                   : snprintf.c.obj (.text:_outc)
                  00004806    00000018                                   : vsnprintf.c.obj (.text:_outc)
                  0000481e    00000018     open_interface.obj (.text:oi_parseInt)
                  00004836    00000018     rtsv7M4_T_le_v4SPD16_eabi.lib : strcmp.c.obj (.text:strcmp)
                  0000484e    00000016                                   : strchr.c.obj (.text:strchr)
                  00004864    00000014                                   : strcpy.c.obj (.text:strcpy)
                  00004878    00000014                                   : strlen.c.obj (.text:strlen)
                  0000488c    00000012                                   : wcslen.c.obj (.text:wcslen)
                  0000489e    00000010     driverlib.lib : interrupt.obj (.text:IntMasterEnable)
                  000048ae    00000010     lcd.obj (.text:lcd_clear)
                  000048be    0000000e     rtsv7M4_T_le_v4SPD16_eabi.lib : copy_decompress_none.c.obj (.text:decompress:none:__TI_decompress_none)
                  000048cc    0000000c     driverlib.lib : cpu.obj (.text:CPUcpsie)
                  000048d8    0000000c     tm4c123gh6pm_startup_ccs.obj (.text)
                  000048e4    00000008     rtsv7M4_T_le_v4SPD16_eabi.lib : errno.c.obj (.text:__aeabi_errno_addr)
                  000048ec    00000008                                   : memory.c.obj (.text:malloc)
                  000048f4    00000004                                   : pre_init.c.obj (.text:_system_pre_init)
                  000048f8    00000004                                   : exit.c.obj (.text:abort:abort)

.const     0    000048fc    00000118     
                  000048fc    00000101     rtsv7M4_T_le_v4SPD16_eabi.lib : ctype.c.obj (.const:.string:_ctypes_)
                  000049fd    0000000f     open_interface.obj (.const:.string:$P$T0$3)
                  00004a0c    00000004     lcd.obj (.const:.string:lineAddress$1)
                  00004a10    00000004     lcd.obj (.const:.string:lineAddresses$2)

.cinit     0    00004a18    00000050     
                  00004a18    00000019     (.cinit..data.load) [load image, compression = lzss]
                  00004a31    00000003     --HOLE-- [fill = 0]
                  00004a34    0000000c     (__TI_handler_table)
                  00004a40    00000008     (.cinit..bss.load) [load image, compression = zero_init]
                  00004a48    00000008     (.cinit..vtable.load) [load image, compression = zero_init]
                  00004a50    00000018     (__TI_cinit_table)

.init_array 
*          0    00000000    00000000     UNINITIALIZED

.vtable    0    20000000    0000026c     UNINITIALIZED
                  20000000    0000026c     driverlib.lib : interrupt.obj (.vtable)

.stack     0    20000270    00001000     UNINITIALIZED
                  20000270    00000004     rtsv7M4_T_le_v4SPD16_eabi.lib : boot_cortex_m.c.obj (.stack)
                  20000274    00000ffc     --HOLE--

.sysmem    0    20001270    00001000     UNINITIALIZED
                  20001270    00000010     rtsv7M4_T_le_v4SPD16_eabi.lib : memory.c.obj (.sysmem)
                  20001280    00000ff0     --HOLE--

.bss       0    20002270    00000091     UNINITIALIZED
                  20002270    00000054     lcd.obj (.bss:lastbuffer$3)
                  200022c4    00000018     open_interface.obj (.bss:firmware$2)
                  200022dc    00000004     (.common:_timeout_ticks)
                  200022e0    00000004     (.common:fallingEdge)
                  200022e4    00000004     (.common:isr_int_value)
                  200022e8    00000004     (.common:left_calibration_value)
                  200022ec    00000004     (.common:pulseLength)
                  200022f0    00000004     (.common:right_calibration_value)
                  200022f4    00000004     (.common:risingEdge)
                  200022f8    00000004     (.common:small_angle)
                  200022fc    00000004     (.common:small_dist)
                  20002300    00000001     (.common:isRisingEdge)

.data      0    20002304    00000049     UNINITIALIZED
                  20002304    00000020     open_interface.obj (.data)
                  20002324    00000010     uart-interrupt.obj (.data)
                  20002334    00000008     rtsv7M4_T_le_v4SPD16_eabi.lib : _lock.c.obj (.data:$O1$$)
                  2000233c    00000008                                   : memory.c.obj (.data:$O1$$)
                  20002344    00000004     libcybotScan.lib : cyBot_Scan.obj (.data)
                  20002348    00000004     rtsv7M4_T_le_v4SPD16_eabi.lib : errno.c.obj (.data)
                  2000234c    00000001     Timer.obj (.data)

__llvm_prf_cnts 
*          0    20000000    00000000     UNINITIALIZED

MODULE SUMMARY

       Module                         code    ro data   rw data
       ------                         ----    -------   -------
    .\
       open_interface.obj             3128    15        56     
       main.obj                       1360    0         16     
       movement.obj                   948     0         0      
       lcd.obj                        824     8         84     
       tm4c123gh6pm_startup_ccs.obj   12      620       0      
       Timer.obj                      584     0         5      
       uart-interrupt.obj             544     0         16     
    +--+------------------------------+-------+---------+---------+
       Total:                         7400    643       177    
                                                               
    ../libcybotScan.lib
       cyBot_Scan.obj                 608     0         4      
       ping.obj                       492     0         13     
       servo.obj                      344     0         0      
       ir.obj                         280     0         4      
    +--+------------------------------+-------+---------+---------+
       Total:                         1724    0         21     
                                                               
    C:/ti/TivaWare_C_Series-2.2.0.295/driverlib/ccs/Debug/driverlib.lib
       interrupt.obj                  68      0         620    
       cpu.obj                        12      0         0      
    +--+------------------------------+-------+---------+---------+
       Total:                         80      0         620    
                                                               
    C:\ti\ccs1230\ccs\tools\compiler\ti-cgt-arm_20.2.7.LTS\lib\rtsv7M4_T_le_v4SPD16_eabi.lib
       _printfi.c.obj                 4851    0         0      
       memory.c.obj                   728     0         8      
       fd_add_t2.asm.obj              438     0         0      
       fd_div_t2.asm.obj              310     0         0      
       s_scalbn.c.obj                 272     0         0      
       fd_cmp_t2.asm.obj              268     0         0      
       ctype.c.obj                    0       257       0      
       fd_mul_t2.asm.obj              252     0         0      
       memcpy_t2.asm.obj              156     0         0      
       ull_div_t2.asm.obj             150     0         0      
       snprintf.c.obj                 148     0         0      
       vsnprintf.c.obj                136     0         0      
       memset_t2.asm.obj              122     0         0      
       fd_tos_t2.asm.obj              110     0         0      
       copy_decompress_lzss.c.obj     104     0         0      
       s_frexp.c.obj                  100     0         0      
       _ltoa.c.obj                    84      0         0      
       atoi.c.obj                     76      0         0      
       fd_toi_t2.asm.obj              72      0         0      
       autoinit.c.obj                 68      0         0      
       fs_tod_t2.asm.obj              56      0         0      
       boot_cortex_m.c.obj            52      0         0      
       i_tofd_t2.asm.obj              46      0         0      
       u_tofd_t2.asm.obj              32      0         0      
       copy_zero_init.c.obj           28      0         0      
       memccpy.c.obj                  28      0         0      
       s_copysign.c.obj               26      0         0      
       strcmp.c.obj                   24      0         0      
       strchr.c.obj                   22      0         0      
       strcpy.c.obj                   20      0         0      
       strlen.c.obj                   20      0         0      
       wcslen.c.obj                   18      0         0      
       copy_decompress_none.c.obj     14      0         0      
       errno.c.obj                    8       0         4      
       _lock.c.obj                    2       0         8      
       exit.c.obj                     4       0         0      
       pre_init.c.obj                 4       0         0      
       div0.asm.obj                   2       0         0      
    +--+------------------------------+-------+---------+---------+
       Total:                         8851    257       20     
                                                               
       Heap:                          0       0         4096   
       Stack:                         0       0         4096   
       Linker Generated:              0       77        0      
    +--+------------------------------+-------+---------+---------+
       Grand Total:                   18055   977       9030   


LINKER GENERATED COPY TABLES

__TI_cinit_table @ 00004a50 records: 3, size/record: 8, table size: 24
	.data: load addr=00004a18, load size=00000019 bytes, run addr=20002304, run size=00000049 bytes, compression=lzss
	.bss: load addr=00004a40, load size=00000008 bytes, run addr=20002270, run size=00000091 bytes, compression=zero_init
	.vtable: load addr=00004a48, load size=00000008 bytes, run addr=20000000, run size=0000026c bytes, compression=zero_init


LINKER GENERATED HANDLER TABLE

__TI_handler_table @ 00004a34 records: 3, size/record: 4, table size: 12
	index: 0, handler: __TI_zero_init
	index: 1, handler: __TI_decompress_lzss
	index: 2, handler: __TI_decompress_none


GLOBAL SYMBOLS: SORTED ALPHABETICALLY BY Name 

address   name                          
-------   ----                          
0000393d  ADC0SS0_Handler               
000048f9  C$$EXIT                       
000048cd  CPUcpsie                      
00000bc3  GPIOF_Handler                 
0000489f  IntMasterEnable               
00004641  IntRegister                   
000048d9  ResetISR                      
00002f31  TIMER3B_Handler               
00002d59  UART1_Handler                 
20001270  __STACK_END                   
00001000  __STACK_SIZE                  
20000470  __STACK_TOP                   
00001000  __SYSMEM_SIZE                 
00004a50  __TI_CINIT_Base               
00004a68  __TI_CINIT_Limit              
00004a34  __TI_Handler_Table_Base       
00004a40  __TI_Handler_Table_Limit      
0000450d  __TI_auto_init_nobinit_nopinit
00004265  __TI_decompress_lzss          
000048bf  __TI_decompress_none          
00004387  __TI_ltoa                     
ffffffff  __TI_pprof_out_hndl           
00000e8d  __TI_printfi                  
ffffffff  __TI_prof_data_size           
ffffffff  __TI_prof_data_start          
00000000  __TI_static_base__            
00004781  __TI_zero_init_nomemset       
00003f91  __aeabi_cdcmpeq               
00003f91  __aeabi_cdcmple               
00004017  __aeabi_cdrcmple              
000041f7  __aeabi_d2f                   
000044c5  __aeabi_d2iz                  
00003207  __aeabi_dadd                  
00003649  __aeabi_ddiv                  
00003bcd  __aeabi_dmul                  
000031fd  __aeabi_dsub                  
000048e5  __aeabi_errno_addr            
00004609  __aeabi_f2d                   
00004709  __aeabi_i2d                   
000033b3  __aeabi_idiv0                 
000033b3  __aeabi_ldiv0                 
0000409d  __aeabi_memclr                
0000409d  __aeabi_memclr4               
0000409d  __aeabi_memclr8               
00003e5f  __aeabi_memcpy                
00003e5f  __aeabi_memcpy4               
00003e5f  __aeabi_memcpy8               
0000409f  __aeabi_memset                
0000409f  __aeabi_memset4               
0000409f  __aeabi_memset8               
00004761  __aeabi_ui2d                  
00003efb  __aeabi_uldivmod              
ffffffff  __binit__                     
ffffffff  __c_args__                    
UNDEFED   __mpu_init                    
20000270  __stack                       
20000000  __start___llvm_prf_cnts       
20000000  __stop___llvm_prf_cnts        
00004675  _c_int00_noargs               
000048fc  _ctypes_                      
20002334  _lock                         
000018db  _nop                          
2000234c  _running                      
20001270  _sys_memory                   
UNDEFED   _system_post_cinit            
000048f5  _system_pre_init              
200022dc  _timeout_ticks                
20002338  _unlock                       
000048f9  abort                         
00003acd  aligned_alloc                 
0000442d  atoi                          
ffffffff  binit                         
000018dd  calibrate                     
000045d1  calloc                        
000047d5  copysign                      
000047d5  copysignl                     
00002851  cyBOT_SERVO_cal               
000027df  cyBOT_Scan                    
00002787  cyBOT_init_Scan               
20002344  cyBOT_scan_features           
00002779  cyBOT_scan_version            
20002348  errno                         
200022e0  fallingEdge                   
00003cc9  free                          
000042cd  frexp                         
000042cd  frexpl                        
20000000  g_pfnRAMVectors               
00000000  g_pfnVectors                  
00001c65  go                            
0000097f  go_charge                     
00003953  ir_enableInterrupt            
00003935  ir_getDistance                
0000390d  ir_getValue                   
000038a5  ir_init                       
20002300  isRisingEdge                  
200022e4  isr_int_value                 
20002330  kill_action                   
000048af  lcd_clear                     
000023b5  lcd_gotoLine                  
0000221d  lcd_init                      
0000241b  lcd_printf                    
000022dd  lcd_putc                      
00002315  lcd_puts                      
000021e1  lcd_reverseNibble             
00002333  lcd_sendCommand               
00002371  lcd_sendNibble                
000023dd  lcd_setCursorPos              
000039bd  ldexp                         
000039bd  ldexpl                        
200022e8  left_calibration_value        
00001d23  main                          
000048ed  malloc                        
00003acd  memalign                      
000047b9  memccpy                       
00003e5f  memcpy                        
000040a5  memset                        
20002304  motor_cal_factor_L            
20002308  motor_cal_factor_R            
00001fd3  move_backward                 
00001e2d  move_forward                  
0000026d  oi_alloc                      
00000aa9  oi_checkFirmware              
000002c7  oi_close                      
00000279  oi_free                       
00000ded  oi_getMotorCalibrationLeft    
00000e01  oi_getMotorCalibrationRight   
000002b1  oi_init                       
00000289  oi_init_noupdate              
00000915  oi_loadSong                   
0000481f  oi_parseInt                   
0000032b  oi_parsePacket                
0000096b  oi_play_song                  
0000084b  oi_setLeds                    
00000db1  oi_setMotorCalibration        
0000088f  oi_setWheels                  
00000b51  oi_shutoff_init               
0000098d  oi_uartInit                   
00000a31  oi_uartReceive                
00000a77  oi_uartSendBuff               
00000a15  oi_uartSendChar               
00000a59  oi_uartSendStr                
000002d9  oi_update                     
00002f83  ping_getDistance              
00002e41  ping_init                     
00002ec7  ping_trigger                  
200022ec  pulseLength                   
200022f0  right_calibration_value       
200022f4  risingEdge                    
20002328  run_calibrate                 
2000232c  run_go                        
20002324  run_scan                      
000039bd  scalbn                        
000039bd  scalbnl                       
00001951  scan                          
000033b5  servo_init                    
00003445  servo_move                    
000034a5  servo_setPWM                  
00003439  servo_stop                    
200022f8  small_angle                   
200022fc  small_dist                    
00004479  snprintf                      
0000484f  strchr                        
00004837  strcmp                        
00004865  strcpy                        
00004879  strlen                        
00002af7  timer_getMicros               
00002a9f  timer_getMillis               
000029d9  timer_init                    
00002a7b  timer_pause                   
00002a8d  timer_resume                  
00002a51  timer_stop                    
00002b51  timer_waitMicros              
00002b83  timer_waitMillis              
0000212d  turn_left                     
00002063  turn_right                    
00002c21  uart_interrupt_init           
00002d27  uart_receive                  
00002d0b  uart_sendChar                 
00002d3b  uart_sendStr                  
00004551  vsnprintf                     
0000488d  wcslen                        


GLOBAL SYMBOLS: SORTED BY Symbol Address 

address   name                          
-------   ----                          
00000000  __TI_static_base__            
00000000  g_pfnVectors                  
0000026d  oi_alloc                      
00000279  oi_free                       
00000289  oi_init_noupdate              
000002b1  oi_init                       
000002c7  oi_close                      
000002d9  oi_update                     
0000032b  oi_parsePacket                
0000084b  oi_setLeds                    
0000088f  oi_setWheels                  
00000915  oi_loadSong                   
0000096b  oi_play_song                  
0000097f  go_charge                     
0000098d  oi_uartInit                   
00000a15  oi_uartSendChar               
00000a31  oi_uartReceive                
00000a59  oi_uartSendStr                
00000a77  oi_uartSendBuff               
00000aa9  oi_checkFirmware              
00000b51  oi_shutoff_init               
00000bc3  GPIOF_Handler                 
00000db1  oi_setMotorCalibration        
00000ded  oi_getMotorCalibrationLeft    
00000e01  oi_getMotorCalibrationRight   
00000e8d  __TI_printfi                  
00001000  __STACK_SIZE                  
00001000  __SYSMEM_SIZE                 
000018db  _nop                          
000018dd  calibrate                     
00001951  scan                          
00001c65  go                            
00001d23  main                          
00001e2d  move_forward                  
00001fd3  move_backward                 
00002063  turn_right                    
0000212d  turn_left                     
000021e1  lcd_reverseNibble             
0000221d  lcd_init                      
000022dd  lcd_putc                      
00002315  lcd_puts                      
00002333  lcd_sendCommand               
00002371  lcd_sendNibble                
000023b5  lcd_gotoLine                  
000023dd  lcd_setCursorPos              
0000241b  lcd_printf                    
00002779  cyBOT_scan_version            
00002787  cyBOT_init_Scan               
000027df  cyBOT_Scan                    
00002851  cyBOT_SERVO_cal               
000029d9  timer_init                    
00002a51  timer_stop                    
00002a7b  timer_pause                   
00002a8d  timer_resume                  
00002a9f  timer_getMillis               
00002af7  timer_getMicros               
00002b51  timer_waitMicros              
00002b83  timer_waitMillis              
00002c21  uart_interrupt_init           
00002d0b  uart_sendChar                 
00002d27  uart_receive                  
00002d3b  uart_sendStr                  
00002d59  UART1_Handler                 
00002e41  ping_init                     
00002ec7  ping_trigger                  
00002f31  TIMER3B_Handler               
00002f83  ping_getDistance              
000031fd  __aeabi_dsub                  
00003207  __aeabi_dadd                  
000033b3  __aeabi_idiv0                 
000033b3  __aeabi_ldiv0                 
000033b5  servo_init                    
00003439  servo_stop                    
00003445  servo_move                    
000034a5  servo_setPWM                  
00003649  __aeabi_ddiv                  
000038a5  ir_init                       
0000390d  ir_getValue                   
00003935  ir_getDistance                
0000393d  ADC0SS0_Handler               
00003953  ir_enableInterrupt            
000039bd  ldexp                         
000039bd  ldexpl                        
000039bd  scalbn                        
000039bd  scalbnl                       
00003acd  aligned_alloc                 
00003acd  memalign                      
00003bcd  __aeabi_dmul                  
00003cc9  free                          
00003e5f  __aeabi_memcpy                
00003e5f  __aeabi_memcpy4               
00003e5f  __aeabi_memcpy8               
00003e5f  memcpy                        
00003efb  __aeabi_uldivmod              
00003f91  __aeabi_cdcmpeq               
00003f91  __aeabi_cdcmple               
00004017  __aeabi_cdrcmple              
0000409d  __aeabi_memclr                
0000409d  __aeabi_memclr4               
0000409d  __aeabi_memclr8               
0000409f  __aeabi_memset                
0000409f  __aeabi_memset4               
0000409f  __aeabi_memset8               
000040a5  memset                        
000041f7  __aeabi_d2f                   
00004265  __TI_decompress_lzss          
000042cd  frexp                         
000042cd  frexpl                        
00004387  __TI_ltoa                     
0000442d  atoi                          
00004479  snprintf                      
000044c5  __aeabi_d2iz                  
0000450d  __TI_auto_init_nobinit_nopinit
00004551  vsnprintf                     
000045d1  calloc                        
00004609  __aeabi_f2d                   
00004641  IntRegister                   
00004675  _c_int00_noargs               
00004709  __aeabi_i2d                   
00004761  __aeabi_ui2d                  
00004781  __TI_zero_init_nomemset       
000047b9  memccpy                       
000047d5  copysign                      
000047d5  copysignl                     
0000481f  oi_parseInt                   
00004837  strcmp                        
0000484f  strchr                        
00004865  strcpy                        
00004879  strlen                        
0000488d  wcslen                        
0000489f  IntMasterEnable               
000048af  lcd_clear                     
000048bf  __TI_decompress_none          
000048cd  CPUcpsie                      
000048d9  ResetISR                      
000048e5  __aeabi_errno_addr            
000048ed  malloc                        
000048f5  _system_pre_init              
000048f9  C$$EXIT                       
000048f9  abort                         
000048fc  _ctypes_                      
00004a34  __TI_Handler_Table_Base       
00004a40  __TI_Handler_Table_Limit      
00004a50  __TI_CINIT_Base               
00004a68  __TI_CINIT_Limit              
20000000  __start___llvm_prf_cnts       
20000000  __stop___llvm_prf_cnts        
20000000  g_pfnRAMVectors               
20000270  __stack                       
20000470  __STACK_TOP                   
20001270  __STACK_END                   
20001270  _sys_memory                   
200022dc  _timeout_ticks                
200022e0  fallingEdge                   
200022e4  isr_int_value                 
200022e8  left_calibration_value        
200022ec  pulseLength                   
200022f0  right_calibration_value       
200022f4  risingEdge                    
200022f8  small_angle                   
200022fc  small_dist                    
20002300  isRisingEdge                  
20002304  motor_cal_factor_L            
20002308  motor_cal_factor_R            
20002324  run_scan                      
20002328  run_calibrate                 
2000232c  run_go                        
20002330  kill_action                   
20002334  _lock                         
20002338  _unlock                       
20002344  cyBOT_scan_features           
20002348  errno                         
2000234c  _running                      
ffffffff  __TI_pprof_out_hndl           
ffffffff  __TI_prof_data_size           
ffffffff  __TI_prof_data_start          
ffffffff  __binit__                     
ffffffff  __c_args__                    
ffffffff  binit                         
UNDEFED   __mpu_init                    
UNDEFED   _system_post_cinit            

[181 symbols]
