<?xml version="1.0" encoding="ISO-8859-1" ?>
<link_info>
   <banner>TI ARM Linker PC v20.2.7.LTS</banner>
   <copyright>Copyright (c) 1996-2018 Texas Instruments Incorporated</copyright>
   <link_time>0x6605ab76</link_time>
   <link_errors>0x0</link_errors>
   <output_file>Lab8.out</output_file>
   <entry_point>
      <name>_c_int00_noargs</name>
      <address>0x3901</address>
   </entry_point>
   <input_file_list>
      <input_file id="fl-2">
         <path>.\</path>
         <kind>object</kind>
         <file>Timer.obj</file>
         <name>Timer.obj</name>
      </input_file>
      <input_file id="fl-3">
         <path>.\</path>
         <kind>object</kind>
         <file>adc.obj</file>
         <name>adc.obj</name>
      </input_file>
      <input_file id="fl-4">
         <path>.\</path>
         <kind>object</kind>
         <file>button.obj</file>
         <name>button.obj</name>
      </input_file>
      <input_file id="fl-5">
         <path>.\</path>
         <kind>object</kind>
         <file>lcd.obj</file>
         <name>lcd.obj</name>
      </input_file>
      <input_file id="fl-6">
         <path>.\</path>
         <kind>object</kind>
         <file>main.obj</file>
         <name>main.obj</name>
      </input_file>
      <input_file id="fl-7">
         <path>.\</path>
         <kind>object</kind>
         <file>movement.obj</file>
         <name>movement.obj</name>
      </input_file>
      <input_file id="fl-8">
         <path>.\</path>
         <kind>object</kind>
         <file>open_interface.obj</file>
         <name>open_interface.obj</name>
      </input_file>
      <input_file id="fl-9">
         <path>.\</path>
         <kind>object</kind>
         <file>tm4c123gh6pm_startup_ccs.obj</file>
         <name>tm4c123gh6pm_startup_ccs.obj</name>
      </input_file>
      <input_file id="fl-a">
         <path>.\</path>
         <kind>object</kind>
         <file>uart-interrupt.obj</file>
         <name>uart-interrupt.obj</name>
      </input_file>
      <input_file id="fl-f">
         <kind>object</kind>
         <file>&lt;internal&gt;</file>
         <name>&lt;internal&gt;</name>
      </input_file>
      <input_file id="fl-c5">
         <path>C:\ti\ccs1230\ccs\tools\compiler\ti-cgt-arm_20.2.7.LTS\lib\</path>
         <kind>archive</kind>
         <file>rtsv7M4_T_le_v4SPD16_eabi.lib</file>
         <name>sprintf.c.obj</name>
      </input_file>
      <input_file id="fl-c6">
         <path>C:\ti\ccs1230\ccs\tools\compiler\ti-cgt-arm_20.2.7.LTS\lib\</path>
         <kind>archive</kind>
         <file>rtsv7M4_T_le_v4SPD16_eabi.lib</file>
         <name>vsnprintf.c.obj</name>
      </input_file>
      <input_file id="fl-c7">
         <path>C:\ti\ccs1230\ccs\tools\compiler\ti-cgt-arm_20.2.7.LTS\lib\</path>
         <kind>archive</kind>
         <file>rtsv7M4_T_le_v4SPD16_eabi.lib</file>
         <name>fd_add_t2.asm.obj</name>
      </input_file>
      <input_file id="fl-c8">
         <path>C:\ti\ccs1230\ccs\tools\compiler\ti-cgt-arm_20.2.7.LTS\lib\</path>
         <kind>archive</kind>
         <file>rtsv7M4_T_le_v4SPD16_eabi.lib</file>
         <name>fd_cmp_t2.asm.obj</name>
      </input_file>
      <input_file id="fl-c9">
         <path>C:\ti\ccs1230\ccs\tools\compiler\ti-cgt-arm_20.2.7.LTS\lib\</path>
         <kind>archive</kind>
         <file>rtsv7M4_T_le_v4SPD16_eabi.lib</file>
         <name>fd_div_t2.asm.obj</name>
      </input_file>
      <input_file id="fl-ca">
         <path>C:\ti\ccs1230\ccs\tools\compiler\ti-cgt-arm_20.2.7.LTS\lib\</path>
         <kind>archive</kind>
         <file>rtsv7M4_T_le_v4SPD16_eabi.lib</file>
         <name>fd_mul_t2.asm.obj</name>
      </input_file>
      <input_file id="fl-cb">
         <path>C:\ti\ccs1230\ccs\tools\compiler\ti-cgt-arm_20.2.7.LTS\lib\</path>
         <kind>archive</kind>
         <file>rtsv7M4_T_le_v4SPD16_eabi.lib</file>
         <name>fd_toi_t2.asm.obj</name>
      </input_file>
      <input_file id="fl-cc">
         <path>C:\ti\ccs1230\ccs\tools\compiler\ti-cgt-arm_20.2.7.LTS\lib\</path>
         <kind>archive</kind>
         <file>rtsv7M4_T_le_v4SPD16_eabi.lib</file>
         <name>fd_tos_t2.asm.obj</name>
      </input_file>
      <input_file id="fl-cd">
         <path>C:\ti\ccs1230\ccs\tools\compiler\ti-cgt-arm_20.2.7.LTS\lib\</path>
         <kind>archive</kind>
         <file>rtsv7M4_T_le_v4SPD16_eabi.lib</file>
         <name>fs_tod_t2.asm.obj</name>
      </input_file>
      <input_file id="fl-ce">
         <path>C:\ti\ccs1230\ccs\tools\compiler\ti-cgt-arm_20.2.7.LTS\lib\</path>
         <kind>archive</kind>
         <file>rtsv7M4_T_le_v4SPD16_eabi.lib</file>
         <name>i_tofd_t2.asm.obj</name>
      </input_file>
      <input_file id="fl-cf">
         <path>C:\ti\ccs1230\ccs\tools\compiler\ti-cgt-arm_20.2.7.LTS\lib\</path>
         <kind>archive</kind>
         <file>rtsv7M4_T_le_v4SPD16_eabi.lib</file>
         <name>memcpy_t2.asm.obj</name>
      </input_file>
      <input_file id="fl-d0">
         <path>C:\ti\ccs1230\ccs\tools\compiler\ti-cgt-arm_20.2.7.LTS\lib\</path>
         <kind>archive</kind>
         <file>rtsv7M4_T_le_v4SPD16_eabi.lib</file>
         <name>u_tofd_t2.asm.obj</name>
      </input_file>
      <input_file id="fl-d1">
         <path>C:\ti\ccs1230\ccs\tools\compiler\ti-cgt-arm_20.2.7.LTS\lib\</path>
         <kind>archive</kind>
         <file>rtsv7M4_T_le_v4SPD16_eabi.lib</file>
         <name>copy_zero_init.c.obj</name>
      </input_file>
      <input_file id="fl-d2">
         <path>C:\ti\ccs1230\ccs\tools\compiler\ti-cgt-arm_20.2.7.LTS\lib\</path>
         <kind>archive</kind>
         <file>rtsv7M4_T_le_v4SPD16_eabi.lib</file>
         <name>copy_decompress_none.c.obj</name>
      </input_file>
      <input_file id="fl-d3">
         <path>C:\ti\ccs1230\ccs\tools\compiler\ti-cgt-arm_20.2.7.LTS\lib\</path>
         <kind>archive</kind>
         <file>rtsv7M4_T_le_v4SPD16_eabi.lib</file>
         <name>copy_decompress_lzss.c.obj</name>
      </input_file>
      <input_file id="fl-d4">
         <path>C:\ti\ccs1230\ccs\tools\compiler\ti-cgt-arm_20.2.7.LTS\lib\</path>
         <kind>archive</kind>
         <file>rtsv7M4_T_le_v4SPD16_eabi.lib</file>
         <name>memory.c.obj</name>
      </input_file>
      <input_file id="fl-d5">
         <path>C:\ti\ccs1230\ccs\tools\compiler\ti-cgt-arm_20.2.7.LTS\lib\</path>
         <kind>archive</kind>
         <file>rtsv7M4_T_le_v4SPD16_eabi.lib</file>
         <name>strcmp.c.obj</name>
      </input_file>
      <input_file id="fl-d6">
         <path>C:\ti\ccs1230\ccs\tools\compiler\ti-cgt-arm_20.2.7.LTS\lib\</path>
         <kind>archive</kind>
         <file>rtsv7M4_T_le_v4SPD16_eabi.lib</file>
         <name>strcpy.c.obj</name>
      </input_file>
      <input_file id="fl-d7">
         <path>C:\ti\ccs1230\ccs\tools\compiler\ti-cgt-arm_20.2.7.LTS\lib\</path>
         <kind>archive</kind>
         <file>rtsv7M4_T_le_v4SPD16_eabi.lib</file>
         <name>boot_cortex_m.c.obj</name>
      </input_file>
      <input_file id="fl-d8">
         <path>C:\ti\ccs1230\ccs\tools\compiler\ti-cgt-arm_20.2.7.LTS\lib\</path>
         <kind>archive</kind>
         <file>rtsv7M4_T_le_v4SPD16_eabi.lib</file>
         <name>_printfi.c.obj</name>
      </input_file>
      <input_file id="fl-d9">
         <path>C:\ti\ccs1230\ccs\tools\compiler\ti-cgt-arm_20.2.7.LTS\lib\</path>
         <kind>archive</kind>
         <file>rtsv7M4_T_le_v4SPD16_eabi.lib</file>
         <name>memset_t2.asm.obj</name>
      </input_file>
      <input_file id="fl-da">
         <path>C:\ti\ccs1230\ccs\tools\compiler\ti-cgt-arm_20.2.7.LTS\lib\</path>
         <kind>archive</kind>
         <file>rtsv7M4_T_le_v4SPD16_eabi.lib</file>
         <name>ull_div_t2.asm.obj</name>
      </input_file>
      <input_file id="fl-db">
         <path>C:\ti\ccs1230\ccs\tools\compiler\ti-cgt-arm_20.2.7.LTS\lib\</path>
         <kind>archive</kind>
         <file>rtsv7M4_T_le_v4SPD16_eabi.lib</file>
         <name>autoinit.c.obj</name>
      </input_file>
      <input_file id="fl-dc">
         <path>C:\ti\ccs1230\ccs\tools\compiler\ti-cgt-arm_20.2.7.LTS\lib\</path>
         <kind>archive</kind>
         <file>rtsv7M4_T_le_v4SPD16_eabi.lib</file>
         <name>pre_init.c.obj</name>
      </input_file>
      <input_file id="fl-dd">
         <path>C:\ti\ccs1230\ccs\tools\compiler\ti-cgt-arm_20.2.7.LTS\lib\</path>
         <kind>archive</kind>
         <file>rtsv7M4_T_le_v4SPD16_eabi.lib</file>
         <name>cpy_tbl.c.obj</name>
      </input_file>
      <input_file id="fl-de">
         <path>C:\ti\ccs1230\ccs\tools\compiler\ti-cgt-arm_20.2.7.LTS\lib\</path>
         <kind>archive</kind>
         <file>rtsv7M4_T_le_v4SPD16_eabi.lib</file>
         <name>exit.c.obj</name>
      </input_file>
      <input_file id="fl-df">
         <path>C:\ti\ccs1230\ccs\tools\compiler\ti-cgt-arm_20.2.7.LTS\lib\</path>
         <kind>archive</kind>
         <file>rtsv7M4_T_le_v4SPD16_eabi.lib</file>
         <name>_lock.c.obj</name>
      </input_file>
      <input_file id="fl-e0">
         <path>C:\ti\ccs1230\ccs\tools\compiler\ti-cgt-arm_20.2.7.LTS\lib\</path>
         <kind>archive</kind>
         <file>rtsv7M4_T_le_v4SPD16_eabi.lib</file>
         <name>_ltoa.c.obj</name>
      </input_file>
      <input_file id="fl-e1">
         <path>C:\ti\ccs1230\ccs\tools\compiler\ti-cgt-arm_20.2.7.LTS\lib\</path>
         <kind>archive</kind>
         <file>rtsv7M4_T_le_v4SPD16_eabi.lib</file>
         <name>args_main.c.obj</name>
      </input_file>
      <input_file id="fl-e2">
         <path>C:\ti\ccs1230\ccs\tools\compiler\ti-cgt-arm_20.2.7.LTS\lib\</path>
         <kind>archive</kind>
         <file>rtsv7M4_T_le_v4SPD16_eabi.lib</file>
         <name>atoi.c.obj</name>
      </input_file>
      <input_file id="fl-e3">
         <path>C:\ti\ccs1230\ccs\tools\compiler\ti-cgt-arm_20.2.7.LTS\lib\</path>
         <kind>archive</kind>
         <file>rtsv7M4_T_le_v4SPD16_eabi.lib</file>
         <name>ctype.c.obj</name>
      </input_file>
      <input_file id="fl-e4">
         <path>C:\ti\ccs1230\ccs\tools\compiler\ti-cgt-arm_20.2.7.LTS\lib\</path>
         <kind>archive</kind>
         <file>rtsv7M4_T_le_v4SPD16_eabi.lib</file>
         <name>memccpy.c.obj</name>
      </input_file>
      <input_file id="fl-e5">
         <path>C:\ti\ccs1230\ccs\tools\compiler\ti-cgt-arm_20.2.7.LTS\lib\</path>
         <kind>archive</kind>
         <file>rtsv7M4_T_le_v4SPD16_eabi.lib</file>
         <name>strchr.c.obj</name>
      </input_file>
      <input_file id="fl-e6">
         <path>C:\ti\ccs1230\ccs\tools\compiler\ti-cgt-arm_20.2.7.LTS\lib\</path>
         <kind>archive</kind>
         <file>rtsv7M4_T_le_v4SPD16_eabi.lib</file>
         <name>strlen.c.obj</name>
      </input_file>
      <input_file id="fl-e7">
         <path>C:\ti\ccs1230\ccs\tools\compiler\ti-cgt-arm_20.2.7.LTS\lib\</path>
         <kind>archive</kind>
         <file>rtsv7M4_T_le_v4SPD16_eabi.lib</file>
         <name>errno.c.obj</name>
      </input_file>
      <input_file id="fl-e8">
         <path>C:\ti\ccs1230\ccs\tools\compiler\ti-cgt-arm_20.2.7.LTS\lib\</path>
         <kind>archive</kind>
         <file>rtsv7M4_T_le_v4SPD16_eabi.lib</file>
         <name>wcslen.c.obj</name>
      </input_file>
      <input_file id="fl-e9">
         <path>C:\ti\ccs1230\ccs\tools\compiler\ti-cgt-arm_20.2.7.LTS\lib\</path>
         <kind>archive</kind>
         <file>rtsv7M4_T_le_v4SPD16_eabi.lib</file>
         <name>s_frexp.c.obj</name>
      </input_file>
      <input_file id="fl-ea">
         <path>C:\ti\ccs1230\ccs\tools\compiler\ti-cgt-arm_20.2.7.LTS\lib\</path>
         <kind>archive</kind>
         <file>rtsv7M4_T_le_v4SPD16_eabi.lib</file>
         <name>s_scalbn.c.obj</name>
      </input_file>
      <input_file id="fl-eb">
         <path>C:\ti\ccs1230\ccs\tools\compiler\ti-cgt-arm_20.2.7.LTS\lib\</path>
         <kind>archive</kind>
         <file>rtsv7M4_T_le_v4SPD16_eabi.lib</file>
         <name>div0.asm.obj</name>
      </input_file>
      <input_file id="fl-ec">
         <path>C:\ti\ccs1230\ccs\tools\compiler\ti-cgt-arm_20.2.7.LTS\lib\</path>
         <kind>archive</kind>
         <file>rtsv7M4_T_le_v4SPD16_eabi.lib</file>
         <name>s_copysign.c.obj</name>
      </input_file>
      <input_file id="fl-ed">
         <path>C:\ti\TivaWare_C_Series-2.2.0.295\driverlib\ccs\Debug\</path>
         <kind>archive</kind>
         <file>driverlib.lib</file>
         <name>interrupt.obj</name>
      </input_file>
      <input_file id="fl-ee">
         <path>C:\ti\TivaWare_C_Series-2.2.0.295\driverlib\ccs\Debug\</path>
         <kind>archive</kind>
         <file>driverlib.lib</file>
         <name>cpu.obj</name>
      </input_file>
   </input_file_list>
   <object_component_list>
      <object_component id="oc-12">
         <name>.intvecs</name>
         <load_address>0x0</load_address>
         <run_address>0x0</run_address>
         <size>0x26c</size>
         <input_file_ref idref="fl-9"/>
      </object_component>
      <object_component id="oc-10e">
         <name>.text</name>
         <load_address>0x26c</load_address>
         <run_address>0x26c</run_address>
         <size>0xc20</size>
         <input_file_ref idref="fl-8"/>
      </object_component>
      <object_component id="oc-15f">
         <name>.text:__TI_printfi</name>
         <load_address>0xe8c</load_address>
         <run_address>0xe8c</run_address>
         <size>0xa4e</size>
         <input_file_ref idref="fl-d8"/>
      </object_component>
      <object_component id="oc-2af">
         <name>.text:_nop</name>
         <load_address>0x18da</load_address>
         <run_address>0x18da</run_address>
         <size>0x2</size>
         <input_file_ref idref="fl-df"/>
      </object_component>
      <object_component id="oc-102">
         <name>.text</name>
         <load_address>0x18dc</load_address>
         <run_address>0x18dc</run_address>
         <size>0x328</size>
         <input_file_ref idref="fl-5"/>
      </object_component>
      <object_component id="oc-230">
         <name>.text:_pconv_a</name>
         <load_address>0x1c04</load_address>
         <run_address>0x1c04</run_address>
         <size>0x270</size>
         <input_file_ref idref="fl-d8"/>
      </object_component>
      <object_component id="oc-108">
         <name>.text</name>
         <load_address>0x1e74</load_address>
         <run_address>0x1e74</run_address>
         <size>0x248</size>
         <input_file_ref idref="fl-2"/>
      </object_component>
      <object_component id="oc-fc">
         <name>.text</name>
         <load_address>0x20bc</load_address>
         <run_address>0x20bc</run_address>
         <size>0x22c</size>
         <input_file_ref idref="fl-a"/>
      </object_component>
      <object_component id="oc-21e">
         <name>.text:_pconv_g</name>
         <load_address>0x22e8</load_address>
         <run_address>0x22e8</run_address>
         <size>0x1d0</size>
         <input_file_ref idref="fl-d8"/>
      </object_component>
      <object_component id="oc-e7">
         <name>.text</name>
         <load_address>0x24b8</load_address>
         <run_address>0x24b8</run_address>
         <size>0x1b6</size>
         <input_file_ref idref="fl-c7"/>
      </object_component>
      <object_component id="oc-368">
         <name>.text</name>
         <load_address>0x266e</load_address>
         <run_address>0x266e</run_address>
         <size>0x2</size>
         <input_file_ref idref="fl-eb"/>
      </object_component>
      <object_component id="oc-d7">
         <name>.text</name>
         <load_address>0x2670</load_address>
         <run_address>0x2670</run_address>
         <size>0x170</size>
         <input_file_ref idref="fl-3"/>
      </object_component>
      <object_component id="oc-22a">
         <name>.text:_pconv_e</name>
         <load_address>0x27e0</load_address>
         <run_address>0x27e0</run_address>
         <size>0x13c</size>
         <input_file_ref idref="fl-d8"/>
      </object_component>
      <object_component id="oc-e2">
         <name>.text</name>
         <load_address>0x291c</load_address>
         <run_address>0x291c</run_address>
         <size>0x136</size>
         <input_file_ref idref="fl-c9"/>
      </object_component>
      <object_component id="oc-2f4">
         <name>.text:fcvt</name>
         <load_address>0x2a54</load_address>
         <run_address>0x2a54</run_address>
         <size>0x124</size>
         <input_file_ref idref="fl-d8"/>
      </object_component>
      <object_component id="oc-308">
         <name>.text:scalbn</name>
         <load_address>0x2b78</load_address>
         <run_address>0x2b78</run_address>
         <size>0x110</size>
         <input_file_ref idref="fl-ea"/>
      </object_component>
      <object_component id="oc-346">
         <name>.text:aligned_alloc</name>
         <load_address>0x2c88</load_address>
         <run_address>0x2c88</run_address>
         <size>0x100</size>
         <input_file_ref idref="fl-d4"/>
      </object_component>
      <object_component id="oc-17d">
         <name>.text</name>
         <load_address>0x2d88</load_address>
         <run_address>0x2d88</run_address>
         <size>0xfc</size>
         <input_file_ref idref="fl-ca"/>
      </object_component>
      <object_component id="oc-1be">
         <name>.text:free</name>
         <load_address>0x2e84</load_address>
         <run_address>0x2e84</run_address>
         <size>0xe4</size>
         <input_file_ref idref="fl-d4"/>
      </object_component>
      <object_component id="oc-a2">
         <name>.text</name>
         <load_address>0x2f68</load_address>
         <run_address>0x2f68</run_address>
         <size>0xdc</size>
         <input_file_ref idref="fl-6"/>
      </object_component>
      <object_component id="oc-213">
         <name>.text:_ltostr</name>
         <load_address>0x3044</load_address>
         <run_address>0x3044</run_address>
         <size>0xb1</size>
         <input_file_ref idref="fl-d8"/>
      </object_component>
      <object_component id="oc-3e">
         <name>.text</name>
         <load_address>0x30f6</load_address>
         <run_address>0x30f6</run_address>
         <size>0x9c</size>
         <input_file_ref idref="fl-cf"/>
      </object_component>
      <object_component id="oc-2d5">
         <name>.text</name>
         <load_address>0x3192</load_address>
         <run_address>0x3192</run_address>
         <size>0x96</size>
         <input_file_ref idref="fl-da"/>
      </object_component>
      <object_component id="oc-219">
         <name>.text:__aeabi_cdcmple</name>
         <load_address>0x3228</load_address>
         <run_address>0x3228</run_address>
         <size>0x86</size>
         <input_file_ref idref="fl-c8"/>
      </object_component>
      <object_component id="oc-2dc">
         <name>.text:__aeabi_cdrcmple</name>
         <load_address>0x32ae</load_address>
         <run_address>0x32ae</run_address>
         <size>0x86</size>
         <input_file_ref idref="fl-c8"/>
      </object_component>
      <object_component id="oc-96">
         <name>.text</name>
         <load_address>0x3334</load_address>
         <run_address>0x3334</run_address>
         <size>0x7a</size>
         <input_file_ref idref="fl-d9"/>
      </object_component>
      <object_component id="oc-398">
         <name>.text:split</name>
         <load_address>0x33b0</load_address>
         <run_address>0x33b0</run_address>
         <size>0x70</size>
         <input_file_ref idref="fl-d4"/>
      </object_component>
      <object_component id="oc-2ed">
         <name>.text:_mcpy</name>
         <load_address>0x3420</load_address>
         <run_address>0x3420</run_address>
         <size>0x6e</size>
         <input_file_ref idref="fl-d8"/>
      </object_component>
      <object_component id="oc-ec">
         <name>.text</name>
         <load_address>0x348e</load_address>
         <run_address>0x348e</run_address>
         <size>0x6e</size>
         <input_file_ref idref="fl-cc"/>
      </object_component>
      <object_component id="oc-15">
         <name>.text:decompress:lzss:__TI_decompress_lzss</name>
         <load_address>0x34fc</load_address>
         <run_address>0x34fc</run_address>
         <size>0x68</size>
         <input_file_ref idref="fl-d3"/>
      </object_component>
      <object_component id="oc-302">
         <name>.text:frexp</name>
         <load_address>0x3564</load_address>
         <run_address>0x3564</run_address>
         <size>0x64</size>
         <input_file_ref idref="fl-e9"/>
      </object_component>
      <object_component id="oc-224">
         <name>.text:_pconv_f</name>
         <load_address>0x35c8</load_address>
         <run_address>0x35c8</run_address>
         <size>0x56</size>
         <input_file_ref idref="fl-d8"/>
      </object_component>
      <object_component id="oc-2e1">
         <name>.text:__TI_ltoa</name>
         <load_address>0x361e</load_address>
         <run_address>0x361e</run_address>
         <size>0x54</size>
         <input_file_ref idref="fl-e0"/>
      </object_component>
      <object_component id="oc-2e7">
         <name>.text:_ecpy</name>
         <load_address>0x3672</load_address>
         <run_address>0x3672</run_address>
         <size>0x52</size>
         <input_file_ref idref="fl-d8"/>
      </object_component>
      <object_component id="oc-20d">
         <name>.text:atoi</name>
         <load_address>0x36c4</load_address>
         <run_address>0x36c4</run_address>
         <size>0x4c</size>
         <input_file_ref idref="fl-e2"/>
      </object_component>
      <object_component id="oc-178">
         <name>.text</name>
         <load_address>0x3710</load_address>
         <run_address>0x3710</run_address>
         <size>0x48</size>
         <input_file_ref idref="fl-cb"/>
      </object_component>
      <object_component id="oc-125">
         <name>.text:__TI_auto_init_nobinit_nopinit:__TI_auto_init_nobinit_nopinit</name>
         <load_address>0x3758</load_address>
         <run_address>0x3758</run_address>
         <size>0x44</size>
         <input_file_ref idref="fl-db"/>
      </object_component>
      <object_component id="oc-f6">
         <name>.text:sprintf</name>
         <load_address>0x379c</load_address>
         <run_address>0x379c</run_address>
         <size>0x40</size>
         <input_file_ref idref="fl-c5"/>
      </object_component>
      <object_component id="oc-19c">
         <name>.text:vsnprintf</name>
         <load_address>0x37dc</load_address>
         <run_address>0x37dc</run_address>
         <size>0x40</size>
         <input_file_ref idref="fl-c6"/>
      </object_component>
      <object_component id="oc-2fa">
         <name>.text:_fcpy</name>
         <load_address>0x381c</load_address>
         <run_address>0x381c</run_address>
         <size>0x3e</size>
         <input_file_ref idref="fl-d8"/>
      </object_component>
      <object_component id="oc-1b8">
         <name>.text:calloc</name>
         <load_address>0x385c</load_address>
         <run_address>0x385c</run_address>
         <size>0x38</size>
         <input_file_ref idref="fl-d4"/>
      </object_component>
      <object_component id="oc-f1">
         <name>.text</name>
         <load_address>0x3894</load_address>
         <run_address>0x3894</run_address>
         <size>0x38</size>
         <input_file_ref idref="fl-cd"/>
      </object_component>
      <object_component id="oc-182">
         <name>.text:IntRegister</name>
         <load_address>0x38cc</load_address>
         <run_address>0x38cc</run_address>
         <size>0x34</size>
         <input_file_ref idref="fl-ed"/>
      </object_component>
      <object_component id="oc-5c">
         <name>.text:_c_int00_noargs:_c_int00_noargs</name>
         <load_address>0x3900</load_address>
         <run_address>0x3900</run_address>
         <size>0x34</size>
         <input_file_ref idref="fl-d7"/>
      </object_component>
      <object_component id="oc-26d">
         <name>.text:_outs</name>
         <load_address>0x3934</load_address>
         <run_address>0x3934</run_address>
         <size>0x30</size>
         <input_file_ref idref="fl-c6"/>
      </object_component>
      <object_component id="oc-1ce">
         <name>.text</name>
         <load_address>0x3964</load_address>
         <run_address>0x3964</run_address>
         <size>0x2e</size>
         <input_file_ref idref="fl-ce"/>
      </object_component>
      <object_component id="oc-29f">
         <name>.text:free_list_insert</name>
         <load_address>0x3994</load_address>
         <run_address>0x3994</run_address>
         <size>0x28</size>
         <input_file_ref idref="fl-d4"/>
      </object_component>
      <object_component id="oc-dd">
         <name>.text</name>
         <load_address>0x39bc</load_address>
         <run_address>0x39bc</run_address>
         <size>0x20</size>
         <input_file_ref idref="fl-d0"/>
      </object_component>
      <object_component id="oc-4a">
         <name>.text:decompress:ZI:__TI_zero_init_nomemset:__TI_zero_init_nomemset</name>
         <load_address>0x39dc</load_address>
         <run_address>0x39dc</run_address>
         <size>0x1c</size>
         <input_file_ref idref="fl-d1"/>
      </object_component>
      <object_component id="oc-299">
         <name>.text:free_list_remove</name>
         <load_address>0x39f8</load_address>
         <run_address>0x39f8</run_address>
         <size>0x1c</size>
         <input_file_ref idref="fl-d4"/>
      </object_component>
      <object_component id="oc-236">
         <name>.text:memccpy</name>
         <load_address>0x3a14</load_address>
         <run_address>0x3a14</run_address>
         <size>0x1c</size>
         <input_file_ref idref="fl-e4"/>
      </object_component>
      <object_component id="oc-37c">
         <name>.text:copysign</name>
         <load_address>0x3a30</load_address>
         <run_address>0x3a30</run_address>
         <size>0x1a</size>
         <input_file_ref idref="fl-ec"/>
      </object_component>
      <object_component id="oc-273">
         <name>.text:_outc</name>
         <load_address>0x3a4a</load_address>
         <run_address>0x3a4a</run_address>
         <size>0x18</size>
         <input_file_ref idref="fl-c6"/>
      </object_component>
      <object_component id="oc-165">
         <name>.text:_outs</name>
         <load_address>0x3a62</load_address>
         <run_address>0x3a62</run_address>
         <size>0x18</size>
         <input_file_ref idref="fl-c5"/>
      </object_component>
      <object_component id="oc-1c4">
         <name>.text:oi_parseInt</name>
         <load_address>0x3a7a</load_address>
         <run_address>0x3a7a</run_address>
         <size>0x18</size>
         <input_file_ref idref="fl-8"/>
      </object_component>
      <object_component id="oc-1a2">
         <name>.text:strcmp</name>
         <load_address>0x3a92</load_address>
         <run_address>0x3a92</run_address>
         <size>0x18</size>
         <input_file_ref idref="fl-d5"/>
      </object_component>
      <object_component id="oc-30e">
         <name>.text:strchr</name>
         <load_address>0x3aaa</load_address>
         <run_address>0x3aaa</run_address>
         <size>0x16</size>
         <input_file_ref idref="fl-e5"/>
      </object_component>
      <object_component id="oc-1a8">
         <name>.text:strcpy</name>
         <load_address>0x3ac0</load_address>
         <run_address>0x3ac0</run_address>
         <size>0x14</size>
         <input_file_ref idref="fl-d6"/>
      </object_component>
      <object_component id="oc-207">
         <name>.text:strlen</name>
         <load_address>0x3ad4</load_address>
         <run_address>0x3ad4</run_address>
         <size>0x14</size>
         <input_file_ref idref="fl-e6"/>
      </object_component>
      <object_component id="oc-23c">
         <name>.text:wcslen</name>
         <load_address>0x3ae8</load_address>
         <run_address>0x3ae8</run_address>
         <size>0x12</size>
         <input_file_ref idref="fl-e8"/>
      </object_component>
      <object_component id="oc-188">
         <name>.text:IntMasterEnable</name>
         <load_address>0x3afa</load_address>
         <run_address>0x3afa</run_address>
         <size>0x10</size>
         <input_file_ref idref="fl-ed"/>
      </object_component>
      <object_component id="oc-195">
         <name>.text:lcd_clear</name>
         <load_address>0x3b0a</load_address>
         <run_address>0x3b0a</run_address>
         <size>0x10</size>
         <input_file_ref idref="fl-5"/>
      </object_component>
      <object_component id="oc-1b">
         <name>.text:decompress:none:__TI_decompress_none</name>
         <load_address>0x3b1a</load_address>
         <run_address>0x3b1a</run_address>
         <size>0xe</size>
         <input_file_ref idref="fl-d2"/>
      </object_component>
      <object_component id="oc-264">
         <name>.text:CPUcpsie</name>
         <load_address>0x3b28</load_address>
         <run_address>0x3b28</run_address>
         <size>0xc</size>
         <input_file_ref idref="fl-ee"/>
      </object_component>
      <object_component id="oc-2a">
         <name>.text</name>
         <load_address>0x3b34</load_address>
         <run_address>0x3b34</run_address>
         <size>0xc</size>
         <input_file_ref idref="fl-9"/>
      </object_component>
      <object_component id="oc-16b">
         <name>.text:_outc</name>
         <load_address>0x3b40</load_address>
         <run_address>0x3b40</run_address>
         <size>0xa</size>
         <input_file_ref idref="fl-c5"/>
      </object_component>
      <object_component id="oc-242">
         <name>.text:__aeabi_errno_addr</name>
         <load_address>0x3b4c</load_address>
         <run_address>0x3b4c</run_address>
         <size>0x8</size>
         <input_file_ref idref="fl-e7"/>
      </object_component>
      <object_component id="oc-292">
         <name>.text:malloc</name>
         <load_address>0x3b54</load_address>
         <run_address>0x3b54</run_address>
         <size>0x8</size>
         <input_file_ref idref="fl-d4"/>
      </object_component>
      <object_component id="oc-9c">
         <name>.text:_system_pre_init</name>
         <load_address>0x3b5c</load_address>
         <run_address>0x3b5c</run_address>
         <size>0x4</size>
         <input_file_ref idref="fl-dc"/>
      </object_component>
      <object_component id="oc-119">
         <name>.text:abort:abort</name>
         <load_address>0x3b60</load_address>
         <run_address>0x3b60</run_address>
         <size>0x4</size>
         <input_file_ref idref="fl-de"/>
      </object_component>
      <object_component id="oc-2d0">
         <name>.const:.string:_ctypes_</name>
         <load_address>0x3b64</load_address>
         <run_address>0x3b64</run_address>
         <size>0x101</size>
         <input_file_ref idref="fl-e3"/>
      </object_component>
      <object_component id="oc-1d3">
         <name>.const:.string:$P$T0$3</name>
         <load_address>0x3c65</load_address>
         <run_address>0x3c65</run_address>
         <size>0xf</size>
         <input_file_ref idref="fl-8"/>
      </object_component>
      <object_component id="oc-1ae">
         <name>.const:.string:lineAddress$1</name>
         <load_address>0x3c74</load_address>
         <run_address>0x3c74</run_address>
         <size>0x4</size>
         <input_file_ref idref="fl-5"/>
      </object_component>
      <object_component id="oc-1af">
         <name>.const:.string:lineAddresses$2</name>
         <load_address>0x3c78</load_address>
         <run_address>0x3c78</run_address>
         <size>0x4</size>
         <input_file_ref idref="fl-5"/>
      </object_component>
      <object_component id="oc-3df">
         <name>.cinit..data.load</name>
         <load_address>0x3c80</load_address>
         <run_address>0x3c80</run_address>
         <size>0x19</size>
      </object_component>
      <object_component id="oc-3dc">
         <name>__TI_handler_table</name>
         <load_address>0x3c9c</load_address>
         <run_address>0x3c9c</run_address>
         <size>0xc</size>
      </object_component>
      <object_component id="oc-3e0">
         <name>.cinit..bss.load</name>
         <load_address>0x3ca8</load_address>
         <run_address>0x3ca8</run_address>
         <size>0x8</size>
      </object_component>
      <object_component id="oc-3de">
         <name>.cinit..vtable.load</name>
         <load_address>0x3cb0</load_address>
         <run_address>0x3cb0</run_address>
         <size>0x8</size>
      </object_component>
      <object_component id="oc-3dd">
         <name>__TI_cinit_table</name>
         <load_address>0x3cb8</load_address>
         <run_address>0x3cb8</run_address>
         <size>0x18</size>
      </object_component>
      <object_component id="oc-25a">
         <name>.vtable</name>
         <uninitialized>true</uninitialized>
         <run_address>0x20000000</run_address>
         <size>0x26c</size>
         <input_file_ref idref="fl-ed"/>
      </object_component>
      <object_component id="oc-1b3">
         <name>.data</name>
         <load_address>0x20002324</load_address>
         <run_address>0x20002324</run_address>
         <size>0x1</size>
         <input_file_ref idref="fl-2"/>
      </object_component>
      <object_component id="oc-1cb">
         <name>.data</name>
         <load_address>0x200022e0</load_address>
         <run_address>0x200022e0</run_address>
         <size>0x20</size>
         <input_file_ref idref="fl-8"/>
      </object_component>
      <object_component id="oc-114">
         <name>.data</name>
         <load_address>0x20002300</load_address>
         <run_address>0x20002300</run_address>
         <size>0x10</size>
         <input_file_ref idref="fl-a"/>
      </object_component>
      <object_component id="oc-34d">
         <name>.data:$O1$$</name>
         <load_address>0x20002318</load_address>
         <run_address>0x20002318</run_address>
         <size>0x8</size>
         <input_file_ref idref="fl-d4"/>
      </object_component>
      <object_component id="oc-1eb">
         <name>.data:$O1$$</name>
         <load_address>0x20002310</load_address>
         <run_address>0x20002310</run_address>
         <size>0x8</size>
         <input_file_ref idref="fl-df"/>
      </object_component>
      <object_component id="oc-31e">
         <name>.data</name>
         <load_address>0x20002320</load_address>
         <run_address>0x20002320</run_address>
         <size>0x4</size>
         <input_file_ref idref="fl-e7"/>
      </object_component>
      <object_component id="oc-1b0">
         <name>.bss:lastbuffer$3</name>
         <uninitialized>true</uninitialized>
         <run_address>0x20002270</run_address>
         <size>0x54</size>
         <input_file_ref idref="fl-5"/>
      </object_component>
      <object_component id="oc-1d6">
         <name>.bss:firmware$2</name>
         <uninitialized>true</uninitialized>
         <run_address>0x200022c4</run_address>
         <size>0x18</size>
         <input_file_ref idref="fl-8"/>
      </object_component>
      <object_component id="oc-1b6">
         <name>.common:_timeout_ticks</name>
         <uninitialized>true</uninitialized>
         <run_address>0x200022dc</run_address>
         <size>0x4</size>
      </object_component>
      <object_component id="oc-24">
         <name>.sysmem</name>
         <uninitialized>true</uninitialized>
         <run_address>0x20001270</run_address>
         <size>0x10</size>
         <input_file_ref idref="fl-d4"/>
      </object_component>
      <object_component id="oc-3e3">
         <name>.sysmem</name>
         <uninitialized>true</uninitialized>
         <run_address>0x20001270</run_address>
         <size>0x0</size>
      </object_component>
      <object_component id="oc-27">
         <name>.stack</name>
         <uninitialized>true</uninitialized>
         <run_address>0x20000270</run_address>
         <size>0x4</size>
         <input_file_ref idref="fl-d7"/>
      </object_component>
      <object_component id="oc-3e2">
         <name>.stack</name>
         <uninitialized>true</uninitialized>
         <run_address>0x20000270</run_address>
         <size>0x0</size>
      </object_component>
      <object_component id="oc-c5">
         <name>.debug_info</name>
         <load_address>0x0</load_address>
         <run_address>0x0</run_address>
         <size>0x2b1</size>
         <input_file_ref idref="fl-2"/>
      </object_component>
      <object_component id="oc-1b4">
         <name>.debug_info</name>
         <load_address>0x2b1</load_address>
         <run_address>0x2b1</run_address>
         <size>0xbf</size>
         <input_file_ref idref="fl-2"/>
      </object_component>
      <object_component id="oc-109">
         <name>.debug_info</name>
         <load_address>0x370</load_address>
         <run_address>0x370</run_address>
         <size>0x507</size>
         <input_file_ref idref="fl-2"/>
      </object_component>
      <object_component id="oc-77">
         <name>.debug_info</name>
         <load_address>0x877</load_address>
         <run_address>0x877</run_address>
         <size>0x26b</size>
         <input_file_ref idref="fl-2"/>
      </object_component>
      <object_component id="oc-39">
         <name>.debug_info</name>
         <load_address>0xae2</load_address>
         <run_address>0xae2</run_address>
         <size>0x84</size>
         <input_file_ref idref="fl-2"/>
      </object_component>
      <object_component id="oc-c0">
         <name>.debug_info</name>
         <load_address>0xb66</load_address>
         <run_address>0xb66</run_address>
         <size>0x2a4</size>
         <input_file_ref idref="fl-2"/>
      </object_component>
      <object_component id="oc-7c">
         <name>.debug_info</name>
         <load_address>0xe0a</load_address>
         <run_address>0xe0a</run_address>
         <size>0xbb</size>
         <input_file_ref idref="fl-2"/>
      </object_component>
      <object_component id="oc-d9">
         <name>.debug_info</name>
         <load_address>0xec5</load_address>
         <run_address>0xec5</run_address>
         <size>0x1ec</size>
         <input_file_ref idref="fl-3"/>
      </object_component>
      <object_component id="oc-1b2">
         <name>.debug_info</name>
         <load_address>0x10b1</load_address>
         <run_address>0x10b1</run_address>
         <size>0x37f</size>
         <input_file_ref idref="fl-5"/>
      </object_component>
      <object_component id="oc-197">
         <name>.debug_info</name>
         <load_address>0x1430</load_address>
         <run_address>0x1430</run_address>
         <size>0x114</size>
         <input_file_ref idref="fl-5"/>
      </object_component>
      <object_component id="oc-103">
         <name>.debug_info</name>
         <load_address>0x1544</load_address>
         <run_address>0x1544</run_address>
         <size>0x8a0</size>
         <input_file_ref idref="fl-5"/>
      </object_component>
      <object_component id="oc-28b">
         <name>.debug_info</name>
         <load_address>0x1de4</load_address>
         <run_address>0x1de4</run_address>
         <size>0xcc</size>
         <input_file_ref idref="fl-5"/>
      </object_component>
      <object_component id="oc-173">
         <name>.debug_info</name>
         <load_address>0x1eb0</load_address>
         <run_address>0x1eb0</run_address>
         <size>0x2c</size>
         <input_file_ref idref="fl-5"/>
      </object_component>
      <object_component id="oc-1e2">
         <name>.debug_info</name>
         <load_address>0x1edc</load_address>
         <run_address>0x1edc</run_address>
         <size>0x35</size>
         <input_file_ref idref="fl-5"/>
      </object_component>
      <object_component id="oc-118">
         <name>.debug_info</name>
         <load_address>0x1f11</load_address>
         <run_address>0x1f11</run_address>
         <size>0x4ae</size>
         <input_file_ref idref="fl-6"/>
      </object_component>
      <object_component id="oc-a3">
         <name>.debug_info</name>
         <load_address>0x23bf</load_address>
         <run_address>0x23bf</run_address>
         <size>0x2ab</size>
         <input_file_ref idref="fl-6"/>
      </object_component>
      <object_component id="oc-1dd">
         <name>.debug_info</name>
         <load_address>0x266a</load_address>
         <run_address>0x266a</run_address>
         <size>0x5aa</size>
         <input_file_ref idref="fl-6"/>
      </object_component>
      <object_component id="oc-1d8">
         <name>.debug_info</name>
         <load_address>0x2c14</load_address>
         <run_address>0x2c14</run_address>
         <size>0x3fc</size>
         <input_file_ref idref="fl-8"/>
      </object_component>
      <object_component id="oc-1cc">
         <name>.debug_info</name>
         <load_address>0x3010</load_address>
         <run_address>0x3010</run_address>
         <size>0x111</size>
         <input_file_ref idref="fl-8"/>
      </object_component>
      <object_component id="oc-1d4">
         <name>.debug_info</name>
         <load_address>0x3121</load_address>
         <run_address>0x3121</run_address>
         <size>0xc6</size>
         <input_file_ref idref="fl-8"/>
      </object_component>
      <object_component id="oc-1c6">
         <name>.debug_info</name>
         <load_address>0x31e7</load_address>
         <run_address>0x31e7</run_address>
         <size>0x13e</size>
         <input_file_ref idref="fl-8"/>
      </object_component>
      <object_component id="oc-110">
         <name>.debug_info</name>
         <load_address>0x3325</load_address>
         <run_address>0x3325</run_address>
         <size>0x1988</size>
         <input_file_ref idref="fl-8"/>
      </object_component>
      <object_component id="oc-18f">
         <name>.debug_info</name>
         <load_address>0x4cad</load_address>
         <run_address>0x4cad</run_address>
         <size>0x8b</size>
         <input_file_ref idref="fl-8"/>
      </object_component>
      <object_component id="oc-32">
         <name>.debug_info</name>
         <load_address>0x4d38</load_address>
         <run_address>0x4d38</run_address>
         <size>0x29b</size>
         <input_file_ref idref="fl-9"/>
      </object_component>
      <object_component id="oc-13">
         <name>.debug_info</name>
         <load_address>0x4fd3</load_address>
         <run_address>0x4fd3</run_address>
         <size>0xda</size>
         <input_file_ref idref="fl-9"/>
      </object_component>
      <object_component id="oc-2b">
         <name>.debug_info</name>
         <load_address>0x50ad</load_address>
         <run_address>0x50ad</run_address>
         <size>0x256</size>
         <input_file_ref idref="fl-9"/>
      </object_component>
      <object_component id="oc-194">
         <name>.debug_info</name>
         <load_address>0x5303</load_address>
         <run_address>0x5303</run_address>
         <size>0x2c2</size>
         <input_file_ref idref="fl-a"/>
      </object_component>
      <object_component id="oc-115">
         <name>.debug_info</name>
         <load_address>0x55c5</load_address>
         <run_address>0x55c5</run_address>
         <size>0x137</size>
         <input_file_ref idref="fl-a"/>
      </object_component>
      <object_component id="oc-fe">
         <name>.debug_info</name>
         <load_address>0x56fc</load_address>
         <run_address>0x56fc</run_address>
         <size>0x427</size>
         <input_file_ref idref="fl-a"/>
      </object_component>
      <object_component id="oc-172">
         <name>.debug_info</name>
         <load_address>0x5b23</load_address>
         <run_address>0x5b23</run_address>
         <size>0x333</size>
         <input_file_ref idref="fl-c5"/>
      </object_component>
      <object_component id="oc-fa">
         <name>.debug_info</name>
         <load_address>0x5e56</load_address>
         <run_address>0x5e56</run_address>
         <size>0x1d1</size>
         <input_file_ref idref="fl-c5"/>
      </object_component>
      <object_component id="oc-169">
         <name>.debug_info</name>
         <load_address>0x6027</load_address>
         <run_address>0x6027</run_address>
         <size>0x18d</size>
         <input_file_ref idref="fl-c5"/>
      </object_component>
      <object_component id="oc-16f">
         <name>.debug_info</name>
         <load_address>0x61b4</load_address>
         <run_address>0x61b4</run_address>
         <size>0x16d</size>
         <input_file_ref idref="fl-c5"/>
      </object_component>
      <object_component id="oc-27b">
         <name>.debug_info</name>
         <load_address>0x6321</load_address>
         <run_address>0x6321</run_address>
         <size>0x2c</size>
         <input_file_ref idref="fl-c5"/>
      </object_component>
      <object_component id="oc-27a">
         <name>.debug_info</name>
         <load_address>0x634d</load_address>
         <run_address>0x634d</run_address>
         <size>0x340</size>
         <input_file_ref idref="fl-c6"/>
      </object_component>
      <object_component id="oc-19d">
         <name>.debug_info</name>
         <load_address>0x668d</load_address>
         <run_address>0x668d</run_address>
         <size>0x208</size>
         <input_file_ref idref="fl-c6"/>
      </object_component>
      <object_component id="oc-26e">
         <name>.debug_info</name>
         <load_address>0x6895</load_address>
         <run_address>0x6895</run_address>
         <size>0x1c6</size>
         <input_file_ref idref="fl-c6"/>
      </object_component>
      <object_component id="oc-274">
         <name>.debug_info</name>
         <load_address>0x6a5b</load_address>
         <run_address>0x6a5b</run_address>
         <size>0x179</size>
         <input_file_ref idref="fl-c6"/>
      </object_component>
      <object_component id="oc-280">
         <name>.debug_info</name>
         <load_address>0x6bd4</load_address>
         <run_address>0x6bd4</run_address>
         <size>0x69</size>
         <input_file_ref idref="fl-c6"/>
      </object_component>
      <object_component id="oc-e8">
         <name>.debug_info</name>
         <load_address>0x6c3d</load_address>
         <run_address>0x6c3d</run_address>
         <size>0x14c</size>
         <input_file_ref idref="fl-c7"/>
      </object_component>
      <object_component id="oc-21a">
         <name>.debug_info</name>
         <load_address>0x6d89</load_address>
         <run_address>0x6d89</run_address>
         <size>0x128</size>
         <input_file_ref idref="fl-c8"/>
      </object_component>
      <object_component id="oc-2df">
         <name>.debug_info</name>
         <load_address>0x6eb1</load_address>
         <run_address>0x6eb1</run_address>
         <size>0x12a</size>
         <input_file_ref idref="fl-c8"/>
      </object_component>
      <object_component id="oc-e5">
         <name>.debug_info</name>
         <load_address>0x6fdb</load_address>
         <run_address>0x6fdb</run_address>
         <size>0x13a</size>
         <input_file_ref idref="fl-c9"/>
      </object_component>
      <object_component id="oc-17f">
         <name>.debug_info</name>
         <load_address>0x7115</load_address>
         <run_address>0x7115</run_address>
         <size>0x13a</size>
         <input_file_ref idref="fl-ca"/>
      </object_component>
      <object_component id="oc-17a">
         <name>.debug_info</name>
         <load_address>0x724f</load_address>
         <run_address>0x724f</run_address>
         <size>0x12e</size>
         <input_file_ref idref="fl-cb"/>
      </object_component>
      <object_component id="oc-ed">
         <name>.debug_info</name>
         <load_address>0x737d</load_address>
         <run_address>0x737d</run_address>
         <size>0x13e</size>
         <input_file_ref idref="fl-cc"/>
      </object_component>
      <object_component id="oc-f2">
         <name>.debug_info</name>
         <load_address>0x74bb</load_address>
         <run_address>0x74bb</run_address>
         <size>0x12c</size>
         <input_file_ref idref="fl-cd"/>
      </object_component>
      <object_component id="oc-1d0">
         <name>.debug_info</name>
         <load_address>0x75e7</load_address>
         <run_address>0x75e7</run_address>
         <size>0x12c</size>
         <input_file_ref idref="fl-ce"/>
      </object_component>
      <object_component id="oc-40">
         <name>.debug_info</name>
         <load_address>0x7713</load_address>
         <run_address>0x7713</run_address>
         <size>0x119</size>
         <input_file_ref idref="fl-cf"/>
      </object_component>
      <object_component id="oc-df">
         <name>.debug_info</name>
         <load_address>0x782c</load_address>
         <run_address>0x782c</run_address>
         <size>0x12e</size>
         <input_file_ref idref="fl-d0"/>
      </object_component>
      <object_component id="oc-95">
         <name>.debug_info</name>
         <load_address>0x795a</load_address>
         <run_address>0x795a</run_address>
         <size>0x2d4</size>
         <input_file_ref idref="fl-d1"/>
      </object_component>
      <object_component id="oc-4c">
         <name>.debug_info</name>
         <load_address>0x7c2e</load_address>
         <run_address>0x7c2e</run_address>
         <size>0x1d2</size>
         <input_file_ref idref="fl-d1"/>
      </object_component>
      <object_component id="oc-90">
         <name>.debug_info</name>
         <load_address>0x7e00</load_address>
         <run_address>0x7e00</run_address>
         <size>0x46</size>
         <input_file_ref idref="fl-d1"/>
      </object_component>
      <object_component id="oc-ce">
         <name>.debug_info</name>
         <load_address>0x7e46</load_address>
         <run_address>0x7e46</run_address>
         <size>0x2c</size>
         <input_file_ref idref="fl-d1"/>
      </object_component>
      <object_component id="oc-49">
         <name>.debug_info</name>
         <load_address>0x7e72</load_address>
         <run_address>0x7e72</run_address>
         <size>0x2a8</size>
         <input_file_ref idref="fl-d2"/>
      </object_component>
      <object_component id="oc-1e">
         <name>.debug_info</name>
         <load_address>0x811a</load_address>
         <run_address>0x811a</run_address>
         <size>0x1ea</size>
         <input_file_ref idref="fl-d2"/>
      </object_component>
      <object_component id="oc-44">
         <name>.debug_info</name>
         <load_address>0x8304</load_address>
         <run_address>0x8304</run_address>
         <size>0x46</size>
         <input_file_ref idref="fl-d2"/>
      </object_component>
      <object_component id="oc-88">
         <name>.debug_info</name>
         <load_address>0x834a</load_address>
         <run_address>0x834a</run_address>
         <size>0x2c</size>
         <input_file_ref idref="fl-d2"/>
      </object_component>
      <object_component id="oc-86">
         <name>.debug_info</name>
         <load_address>0x8376</load_address>
         <run_address>0x8376</run_address>
         <size>0x29e</size>
         <input_file_ref idref="fl-d3"/>
      </object_component>
      <object_component id="oc-17">
         <name>.debug_info</name>
         <load_address>0x8614</load_address>
         <run_address>0x8614</run_address>
         <size>0x250</size>
         <input_file_ref idref="fl-d3"/>
      </object_component>
      <object_component id="oc-34">
         <name>.debug_info</name>
         <load_address>0x8864</load_address>
         <run_address>0x8864</run_address>
         <size>0x60</size>
         <input_file_ref idref="fl-d3"/>
      </object_component>
      <object_component id="oc-c7">
         <name>.debug_info</name>
         <load_address>0x88c4</load_address>
         <run_address>0x88c4</run_address>
         <size>0x46</size>
         <input_file_ref idref="fl-d3"/>
      </object_component>
      <object_component id="oc-81">
         <name>.debug_info</name>
         <load_address>0x890a</load_address>
         <run_address>0x890a</run_address>
         <size>0x39</size>
         <input_file_ref idref="fl-d3"/>
      </object_component>
      <object_component id="oc-70">
         <name>.debug_info</name>
         <load_address>0x8943</load_address>
         <run_address>0x8943</run_address>
         <size>0x3b2</size>
         <input_file_ref idref="fl-d4"/>
      </object_component>
      <object_component id="oc-25">
         <name>.debug_info</name>
         <load_address>0x8cf5</load_address>
         <run_address>0x8cf5</run_address>
         <size>0x10c</size>
         <input_file_ref idref="fl-d4"/>
      </object_component>
      <object_component id="oc-34e">
         <name>.debug_info</name>
         <load_address>0x8e01</load_address>
         <run_address>0x8e01</run_address>
         <size>0x13f</size>
         <input_file_ref idref="fl-d4"/>
      </object_component>
      <object_component id="oc-293">
         <name>.debug_info</name>
         <load_address>0x8f40</load_address>
         <run_address>0x8f40</run_address>
         <size>0x168</size>
         <input_file_ref idref="fl-d4"/>
      </object_component>
      <object_component id="oc-29a">
         <name>.debug_info</name>
         <load_address>0x90a8</load_address>
         <run_address>0x90a8</run_address>
         <size>0x18e</size>
         <input_file_ref idref="fl-d4"/>
      </object_component>
      <object_component id="oc-2a0">
         <name>.debug_info</name>
         <load_address>0x9236</load_address>
         <run_address>0x9236</run_address>
         <size>0x19f</size>
         <input_file_ref idref="fl-d4"/>
      </object_component>
      <object_component id="oc-1bf">
         <name>.debug_info</name>
         <load_address>0x93d5</load_address>
         <run_address>0x93d5</run_address>
         <size>0x203</size>
         <input_file_ref idref="fl-d4"/>
      </object_component>
      <object_component id="oc-39a">
         <name>.debug_info</name>
         <load_address>0x95d8</load_address>
         <run_address>0x95d8</run_address>
         <size>0x1db</size>
         <input_file_ref idref="fl-d4"/>
      </object_component>
      <object_component id="oc-1b9">
         <name>.debug_info</name>
         <load_address>0x97b3</load_address>
         <run_address>0x97b3</run_address>
         <size>0x1a5</size>
         <input_file_ref idref="fl-d4"/>
      </object_component>
      <object_component id="oc-347">
         <name>.debug_info</name>
         <load_address>0x9958</load_address>
         <run_address>0x9958</run_address>
         <size>0x299</size>
         <input_file_ref idref="fl-d4"/>
      </object_component>
      <object_component id="oc-bb">
         <name>.debug_info</name>
         <load_address>0x9bf1</load_address>
         <run_address>0x9bf1</run_address>
         <size>0xb2</size>
         <input_file_ref idref="fl-d4"/>
      </object_component>
      <object_component id="oc-b6">
         <name>.debug_info</name>
         <load_address>0x9ca3</load_address>
         <run_address>0x9ca3</run_address>
         <size>0x2c</size>
         <input_file_ref idref="fl-d4"/>
      </object_component>
      <object_component id="oc-286">
         <name>.debug_info</name>
         <load_address>0x9ccf</load_address>
         <run_address>0x9ccf</run_address>
         <size>0x28a</size>
         <input_file_ref idref="fl-d5"/>
      </object_component>
      <object_component id="oc-1a3">
         <name>.debug_info</name>
         <load_address>0x9f59</load_address>
         <run_address>0x9f59</run_address>
         <size>0x273</size>
         <input_file_ref idref="fl-d5"/>
      </object_component>
      <object_component id="oc-288">
         <name>.debug_info</name>
         <load_address>0xa1cc</load_address>
         <run_address>0xa1cc</run_address>
         <size>0x2a4</size>
         <input_file_ref idref="fl-d6"/>
      </object_component>
      <object_component id="oc-1aa">
         <name>.debug_info</name>
         <load_address>0xa470</load_address>
         <run_address>0xa470</run_address>
         <size>0x24d</size>
         <input_file_ref idref="fl-d6"/>
      </object_component>
      <object_component id="oc-28">
         <name>.debug_info</name>
         <load_address>0xa6bd</load_address>
         <run_address>0xa6bd</run_address>
         <size>0x10b</size>
         <input_file_ref idref="fl-d7"/>
      </object_component>
      <object_component id="oc-5f">
         <name>.debug_info</name>
         <load_address>0xa7c8</load_address>
         <run_address>0xa7c8</run_address>
         <size>0x1a9</size>
         <input_file_ref idref="fl-d7"/>
      </object_component>
      <object_component id="oc-249">
         <name>.debug_info</name>
         <load_address>0xa971</load_address>
         <run_address>0xa971</run_address>
         <size>0x590</size>
         <input_file_ref idref="fl-d8"/>
      </object_component>
      <object_component id="oc-215">
         <name>.debug_info</name>
         <load_address>0xaf01</load_address>
         <run_address>0xaf01</run_address>
         <size>0x21e</size>
         <input_file_ref idref="fl-d8"/>
      </object_component>
      <object_component id="oc-2e8">
         <name>.debug_info</name>
         <load_address>0xb11f</load_address>
         <run_address>0xb11f</run_address>
         <size>0x1b3</size>
         <input_file_ref idref="fl-d8"/>
      </object_component>
      <object_component id="oc-2ee">
         <name>.debug_info</name>
         <load_address>0xb2d2</load_address>
         <run_address>0xb2d2</run_address>
         <size>0x21b</size>
         <input_file_ref idref="fl-d8"/>
      </object_component>
      <object_component id="oc-220">
         <name>.debug_info</name>
         <load_address>0xb4ed</load_address>
         <run_address>0xb4ed</run_address>
         <size>0x3c0</size>
         <input_file_ref idref="fl-d8"/>
      </object_component>
      <object_component id="oc-2f5">
         <name>.debug_info</name>
         <load_address>0xb8ad</load_address>
         <run_address>0xb8ad</run_address>
         <size>0x30a</size>
         <input_file_ref idref="fl-d8"/>
      </object_component>
      <object_component id="oc-2fc">
         <name>.debug_info</name>
         <load_address>0xbbb7</load_address>
         <run_address>0xbbb7</run_address>
         <size>0x215</size>
         <input_file_ref idref="fl-d8"/>
      </object_component>
      <object_component id="oc-225">
         <name>.debug_info</name>
         <load_address>0xbdcc</load_address>
         <run_address>0xbdcc</run_address>
         <size>0x215</size>
         <input_file_ref idref="fl-d8"/>
      </object_component>
      <object_component id="oc-22c">
         <name>.debug_info</name>
         <load_address>0xbfe1</load_address>
         <run_address>0xbfe1</run_address>
         <size>0x304</size>
         <input_file_ref idref="fl-d8"/>
      </object_component>
      <object_component id="oc-231">
         <name>.debug_info</name>
         <load_address>0xc2e5</load_address>
         <run_address>0xc2e5</run_address>
         <size>0x4b5</size>
         <input_file_ref idref="fl-d8"/>
      </object_component>
      <object_component id="oc-161">
         <name>.debug_info</name>
         <load_address>0xc79a</load_address>
         <run_address>0xc79a</run_address>
         <size>0x5f4</size>
         <input_file_ref idref="fl-d8"/>
      </object_component>
      <object_component id="oc-24a">
         <name>.debug_info</name>
         <load_address>0xcd8e</load_address>
         <run_address>0xcd8e</run_address>
         <size>0x86</size>
         <input_file_ref idref="fl-d8"/>
      </object_component>
      <object_component id="oc-325">
         <name>.debug_info</name>
         <load_address>0xce14</load_address>
         <run_address>0xce14</run_address>
         <size>0x39</size>
         <input_file_ref idref="fl-d8"/>
      </object_component>
      <object_component id="oc-393">
         <name>.debug_info</name>
         <load_address>0xce4d</load_address>
         <run_address>0xce4d</run_address>
         <size>0xb6</size>
         <input_file_ref idref="fl-d8"/>
      </object_component>
      <object_component id="oc-32a">
         <name>.debug_info</name>
         <load_address>0xcf03</load_address>
         <run_address>0xcf03</run_address>
         <size>0x46</size>
         <input_file_ref idref="fl-d8"/>
      </object_component>
      <object_component id="oc-24f">
         <name>.debug_info</name>
         <load_address>0xcf49</load_address>
         <run_address>0xcf49</run_address>
         <size>0x46</size>
         <input_file_ref idref="fl-d8"/>
      </object_component>
      <object_component id="oc-98">
         <name>.debug_info</name>
         <load_address>0xcf8f</load_address>
         <run_address>0xcf8f</run_address>
         <size>0x147</size>
         <input_file_ref idref="fl-d9"/>
      </object_component>
      <object_component id="oc-2d6">
         <name>.debug_info</name>
         <load_address>0xd0d6</load_address>
         <run_address>0xd0d6</run_address>
         <size>0x134</size>
         <input_file_ref idref="fl-da"/>
      </object_component>
      <object_component id="oc-1f2">
         <name>.debug_info</name>
         <load_address>0xd20a</load_address>
         <run_address>0xd20a</run_address>
         <size>0x4b3</size>
         <input_file_ref idref="fl-db"/>
      </object_component>
      <object_component id="oc-128">
         <name>.debug_info</name>
         <load_address>0xd6bd</load_address>
         <run_address>0xd6bd</run_address>
         <size>0x1a6</size>
         <input_file_ref idref="fl-db"/>
      </object_component>
      <object_component id="oc-2bd">
         <name>.debug_info</name>
         <load_address>0xd863</load_address>
         <run_address>0xd863</run_address>
         <size>0x39</size>
         <input_file_ref idref="fl-db"/>
      </object_component>
      <object_component id="oc-355">
         <name>.debug_info</name>
         <load_address>0xd89c</load_address>
         <run_address>0xd89c</run_address>
         <size>0x39</size>
         <input_file_ref idref="fl-db"/>
      </object_component>
      <object_component id="oc-2c2">
         <name>.debug_info</name>
         <load_address>0xd8d5</load_address>
         <run_address>0xd8d5</run_address>
         <size>0x39</size>
         <input_file_ref idref="fl-db"/>
      </object_component>
      <object_component id="oc-2c7">
         <name>.debug_info</name>
         <load_address>0xd90e</load_address>
         <run_address>0xd90e</run_address>
         <size>0xcd</size>
         <input_file_ref idref="fl-db"/>
      </object_component>
      <object_component id="oc-9e">
         <name>.debug_info</name>
         <load_address>0xd9db</load_address>
         <run_address>0xd9db</run_address>
         <size>0x153</size>
         <input_file_ref idref="fl-dc"/>
      </object_component>
      <object_component id="oc-11b">
         <name>.debug_info</name>
         <load_address>0xdb2e</load_address>
         <run_address>0xdb2e</run_address>
         <size>0x122</size>
         <input_file_ref idref="fl-de"/>
      </object_component>
      <object_component id="oc-2b7">
         <name>.debug_info</name>
         <load_address>0xdc50</load_address>
         <run_address>0xdc50</run_address>
         <size>0x2c9</size>
         <input_file_ref idref="fl-df"/>
      </object_component>
      <object_component id="oc-1ec">
         <name>.debug_info</name>
         <load_address>0xdf19</load_address>
         <run_address>0xdf19</run_address>
         <size>0x11e</size>
         <input_file_ref idref="fl-df"/>
      </object_component>
      <object_component id="oc-2b3">
         <name>.debug_info</name>
         <load_address>0xe037</load_address>
         <run_address>0xe037</run_address>
         <size>0x12e</size>
         <input_file_ref idref="fl-df"/>
      </object_component>
      <object_component id="oc-370">
         <name>.debug_info</name>
         <load_address>0xe165</load_address>
         <run_address>0xe165</run_address>
         <size>0x29c</size>
         <input_file_ref idref="fl-e0"/>
      </object_component>
      <object_component id="oc-2e2">
         <name>.debug_info</name>
         <load_address>0xe401</load_address>
         <run_address>0xe401</run_address>
         <size>0x1da</size>
         <input_file_ref idref="fl-e0"/>
      </object_component>
      <object_component id="oc-2d4">
         <name>.debug_info</name>
         <load_address>0xe5db</load_address>
         <run_address>0xe5db</run_address>
         <size>0x2b9</size>
         <input_file_ref idref="fl-e2"/>
      </object_component>
      <object_component id="oc-20e">
         <name>.debug_info</name>
         <load_address>0xe894</load_address>
         <run_address>0xe894</run_address>
         <size>0x17c</size>
         <input_file_ref idref="fl-e2"/>
      </object_component>
      <object_component id="oc-365">
         <name>.debug_info</name>
         <load_address>0xea10</load_address>
         <run_address>0xea10</run_address>
         <size>0xf9</size>
         <input_file_ref idref="fl-e3"/>
      </object_component>
      <object_component id="oc-2d1">
         <name>.debug_info</name>
         <load_address>0xeb09</load_address>
         <run_address>0xeb09</run_address>
         <size>0x105</size>
         <input_file_ref idref="fl-e3"/>
      </object_component>
      <object_component id="oc-316">
         <name>.debug_info</name>
         <load_address>0xec0e</load_address>
         <run_address>0xec0e</run_address>
         <size>0x2a7</size>
         <input_file_ref idref="fl-e4"/>
      </object_component>
      <object_component id="oc-238">
         <name>.debug_info</name>
         <load_address>0xeeb5</load_address>
         <run_address>0xeeb5</run_address>
         <size>0x1b8</size>
         <input_file_ref idref="fl-e4"/>
      </object_component>
      <object_component id="oc-385">
         <name>.debug_info</name>
         <load_address>0xf06d</load_address>
         <run_address>0xf06d</run_address>
         <size>0x29a</size>
         <input_file_ref idref="fl-e5"/>
      </object_component>
      <object_component id="oc-310">
         <name>.debug_info</name>
         <load_address>0xf307</load_address>
         <run_address>0xf307</run_address>
         <size>0x262</size>
         <input_file_ref idref="fl-e5"/>
      </object_component>
      <object_component id="oc-2cf">
         <name>.debug_info</name>
         <load_address>0xf569</load_address>
         <run_address>0xf569</run_address>
         <size>0x28f</size>
         <input_file_ref idref="fl-e6"/>
      </object_component>
      <object_component id="oc-20a">
         <name>.debug_info</name>
         <load_address>0xf7f8</load_address>
         <run_address>0xf7f8</run_address>
         <size>0x245</size>
         <input_file_ref idref="fl-e6"/>
      </object_component>
      <object_component id="oc-322">
         <name>.debug_info</name>
         <load_address>0xfa3d</load_address>
         <run_address>0xfa3d</run_address>
         <size>0x289</size>
         <input_file_ref idref="fl-e7"/>
      </object_component>
      <object_component id="oc-31f">
         <name>.debug_info</name>
         <load_address>0xfcc6</load_address>
         <run_address>0xfcc6</run_address>
         <size>0x10e</size>
         <input_file_ref idref="fl-e7"/>
      </object_component>
      <object_component id="oc-243">
         <name>.debug_info</name>
         <load_address>0xfdd4</load_address>
         <run_address>0xfdd4</run_address>
         <size>0x14e</size>
         <input_file_ref idref="fl-e7"/>
      </object_component>
      <object_component id="oc-31d">
         <name>.debug_info</name>
         <load_address>0xff22</load_address>
         <run_address>0xff22</run_address>
         <size>0x28f</size>
         <input_file_ref idref="fl-e8"/>
      </object_component>
      <object_component id="oc-23e">
         <name>.debug_info</name>
         <load_address>0x101b1</load_address>
         <run_address>0x101b1</run_address>
         <size>0x15a</size>
         <input_file_ref idref="fl-e8"/>
      </object_component>
      <object_component id="oc-388">
         <name>.debug_info</name>
         <load_address>0x1030b</load_address>
         <run_address>0x1030b</run_address>
         <size>0x46</size>
         <input_file_ref idref="fl-e8"/>
      </object_component>
      <object_component id="oc-318">
         <name>.debug_info</name>
         <load_address>0x10351</load_address>
         <run_address>0x10351</run_address>
         <size>0x39</size>
         <input_file_ref idref="fl-e8"/>
      </object_component>
      <object_component id="oc-376">
         <name>.debug_info</name>
         <load_address>0x1038a</load_address>
         <run_address>0x1038a</run_address>
         <size>0x295</size>
         <input_file_ref idref="fl-e9"/>
      </object_component>
      <object_component id="oc-303">
         <name>.debug_info</name>
         <load_address>0x1061f</load_address>
         <run_address>0x1061f</run_address>
         <size>0x195</size>
         <input_file_ref idref="fl-e9"/>
      </object_component>
      <object_component id="oc-3a8">
         <name>.debug_info</name>
         <load_address>0x107b4</load_address>
         <run_address>0x107b4</run_address>
         <size>0x39</size>
         <input_file_ref idref="fl-e9"/>
      </object_component>
      <object_component id="oc-377">
         <name>.debug_info</name>
         <load_address>0x107ed</load_address>
         <run_address>0x107ed</run_address>
         <size>0x2c</size>
         <input_file_ref idref="fl-e9"/>
      </object_component>
      <object_component id="oc-383">
         <name>.debug_info</name>
         <load_address>0x10819</load_address>
         <run_address>0x10819</run_address>
         <size>0x2f8</size>
         <input_file_ref idref="fl-ea"/>
      </object_component>
      <object_component id="oc-309">
         <name>.debug_info</name>
         <load_address>0x10b11</load_address>
         <run_address>0x10b11</run_address>
         <size>0x225</size>
         <input_file_ref idref="fl-ea"/>
      </object_component>
      <object_component id="oc-36a">
         <name>.debug_info</name>
         <load_address>0x10d36</load_address>
         <run_address>0x10d36</run_address>
         <size>0x115</size>
         <input_file_ref idref="fl-eb"/>
      </object_component>
      <object_component id="oc-37e">
         <name>.debug_info</name>
         <load_address>0x10e4b</load_address>
         <run_address>0x10e4b</run_address>
         <size>0x161</size>
         <input_file_ref idref="fl-ec"/>
      </object_component>
      <object_component id="oc-263">
         <name>.debug_info</name>
         <load_address>0x10fac</load_address>
         <run_address>0x10fac</run_address>
         <size>0x3b7</size>
         <input_file_ref idref="fl-ed"/>
      </object_component>
      <object_component id="oc-25b">
         <name>.debug_info</name>
         <load_address>0x11363</load_address>
         <run_address>0x11363</run_address>
         <size>0x160</size>
         <input_file_ref idref="fl-ed"/>
      </object_component>
      <object_component id="oc-184">
         <name>.debug_info</name>
         <load_address>0x114c3</load_address>
         <run_address>0x114c3</run_address>
         <size>0x2ca</size>
         <input_file_ref idref="fl-ed"/>
      </object_component>
      <object_component id="oc-189">
         <name>.debug_info</name>
         <load_address>0x1178d</load_address>
         <run_address>0x1178d</run_address>
         <size>0x247</size>
         <input_file_ref idref="fl-ed"/>
      </object_component>
      <object_component id="oc-338">
         <name>.debug_info</name>
         <load_address>0x119d4</load_address>
         <run_address>0x119d4</run_address>
         <size>0x26b</size>
         <input_file_ref idref="fl-ed"/>
      </object_component>
      <object_component id="oc-331">
         <name>.debug_info</name>
         <load_address>0x11c3f</load_address>
         <run_address>0x11c3f</run_address>
         <size>0x297</size>
         <input_file_ref idref="fl-ed"/>
      </object_component>
      <object_component id="oc-25e">
         <name>.debug_info</name>
         <load_address>0x11ed6</load_address>
         <run_address>0x11ed6</run_address>
         <size>0xbb</size>
         <input_file_ref idref="fl-ed"/>
      </object_component>
      <object_component id="oc-265">
         <name>.debug_info</name>
         <load_address>0x11f91</load_address>
         <run_address>0x11f91</run_address>
         <size>0x21b</size>
         <input_file_ref idref="fl-ee"/>
      </object_component>
      <object_component id="oc-3e4">
         <name>.debug_info</name>
         <load_address>0x121ac</load_address>
         <run_address>0x121ac</run_address>
         <size>0x8d</size>
      </object_component>
      <object_component id="oc-158">
         <name>.debug_line</name>
         <load_address>0x0</load_address>
         <run_address>0x0</run_address>
         <size>0x69</size>
         <input_file_ref idref="fl-2"/>
      </object_component>
      <object_component id="oc-291">
         <name>.debug_line</name>
         <load_address>0x69</load_address>
         <run_address>0x69</run_address>
         <size>0x2e</size>
         <input_file_ref idref="fl-2"/>
      </object_component>
      <object_component id="oc-10d">
         <name>.debug_line</name>
         <load_address>0x97</load_address>
         <run_address>0x97</run_address>
         <size>0x179</size>
         <input_file_ref idref="fl-2"/>
      </object_component>
      <object_component id="oc-7a">
         <name>.debug_line</name>
         <load_address>0x210</load_address>
         <run_address>0x210</run_address>
         <size>0x6f</size>
         <input_file_ref idref="fl-2"/>
      </object_component>
      <object_component id="oc-3c">
         <name>.debug_line</name>
         <load_address>0x27f</load_address>
         <run_address>0x27f</run_address>
         <size>0x20</size>
         <input_file_ref idref="fl-2"/>
      </object_component>
      <object_component id="oc-c3">
         <name>.debug_line</name>
         <load_address>0x29f</load_address>
         <run_address>0x29f</run_address>
         <size>0x73</size>
         <input_file_ref idref="fl-2"/>
      </object_component>
      <object_component id="oc-7f">
         <name>.debug_line</name>
         <load_address>0x312</load_address>
         <run_address>0x312</run_address>
         <size>0x70</size>
         <input_file_ref idref="fl-2"/>
      </object_component>
      <object_component id="oc-d8">
         <name>.debug_line</name>
         <load_address>0x382</load_address>
         <run_address>0x382</run_address>
         <size>0xad</size>
         <input_file_ref idref="fl-3"/>
      </object_component>
      <object_component id="oc-28a">
         <name>.debug_line</name>
         <load_address>0x42f</load_address>
         <run_address>0x42f</run_address>
         <size>0xc3</size>
         <input_file_ref idref="fl-5"/>
      </object_component>
      <object_component id="oc-196">
         <name>.debug_line</name>
         <load_address>0x4f2</load_address>
         <run_address>0x4f2</run_address>
         <size>0x45</size>
         <input_file_ref idref="fl-5"/>
      </object_component>
      <object_component id="oc-107">
         <name>.debug_line</name>
         <load_address>0x537</load_address>
         <run_address>0x537</run_address>
         <size>0x19b</size>
         <input_file_ref idref="fl-5"/>
      </object_component>
      <object_component id="oc-28e">
         <name>.debug_line</name>
         <load_address>0x6d2</load_address>
         <run_address>0x6d2</run_address>
         <size>0x6a</size>
         <input_file_ref idref="fl-5"/>
      </object_component>
      <object_component id="oc-176">
         <name>.debug_line</name>
         <load_address>0x73c</load_address>
         <run_address>0x73c</run_address>
         <size>0x6b</size>
         <input_file_ref idref="fl-5"/>
      </object_component>
      <object_component id="oc-1e5">
         <name>.debug_line</name>
         <load_address>0x7a7</load_address>
         <run_address>0x7a7</run_address>
         <size>0x74</size>
         <input_file_ref idref="fl-5"/>
      </object_component>
      <object_component id="oc-1dc">
         <name>.debug_line</name>
         <load_address>0x81b</load_address>
         <run_address>0x81b</run_address>
         <size>0xbe</size>
         <input_file_ref idref="fl-6"/>
      </object_component>
      <object_component id="oc-a6">
         <name>.debug_line</name>
         <load_address>0x8d9</load_address>
         <run_address>0x8d9</run_address>
         <size>0x85</size>
         <input_file_ref idref="fl-6"/>
      </object_component>
      <object_component id="oc-1e0">
         <name>.debug_line</name>
         <load_address>0x95e</load_address>
         <run_address>0x95e</run_address>
         <size>0x37</size>
         <input_file_ref idref="fl-6"/>
      </object_component>
      <object_component id="oc-2ac">
         <name>.debug_line</name>
         <load_address>0x995</load_address>
         <run_address>0x995</run_address>
         <size>0xff</size>
         <input_file_ref idref="fl-8"/>
      </object_component>
      <object_component id="oc-2a7">
         <name>.debug_line</name>
         <load_address>0xa94</load_address>
         <run_address>0xa94</run_address>
         <size>0x37</size>
         <input_file_ref idref="fl-8"/>
      </object_component>
      <object_component id="oc-2aa">
         <name>.debug_line</name>
         <load_address>0xacb</load_address>
         <run_address>0xacb</run_address>
         <size>0x37</size>
         <input_file_ref idref="fl-8"/>
      </object_component>
      <object_component id="oc-1c5">
         <name>.debug_line</name>
         <load_address>0xb02</load_address>
         <run_address>0xb02</run_address>
         <size>0x4f</size>
         <input_file_ref idref="fl-8"/>
      </object_component>
      <object_component id="oc-10f">
         <name>.debug_line</name>
         <load_address>0xb51</load_address>
         <run_address>0xb51</run_address>
         <size>0x440</size>
         <input_file_ref idref="fl-8"/>
      </object_component>
      <object_component id="oc-192">
         <name>.debug_line</name>
         <load_address>0xf91</load_address>
         <run_address>0xf91</run_address>
         <size>0x20</size>
         <input_file_ref idref="fl-8"/>
      </object_component>
      <object_component id="oc-76">
         <name>.debug_line</name>
         <load_address>0xfb1</load_address>
         <run_address>0xfb1</run_address>
         <size>0x41</size>
         <input_file_ref idref="fl-9"/>
      </object_component>
      <object_component id="oc-31">
         <name>.debug_line</name>
         <load_address>0xff2</load_address>
         <run_address>0xff2</run_address>
         <size>0x41</size>
         <input_file_ref idref="fl-9"/>
      </object_component>
      <object_component id="oc-2f">
         <name>.debug_line</name>
         <load_address>0x1033</load_address>
         <run_address>0x1033</run_address>
         <size>0xa1</size>
         <input_file_ref idref="fl-9"/>
      </object_component>
      <object_component id="oc-26c">
         <name>.debug_line</name>
         <load_address>0x10d4</load_address>
         <run_address>0x10d4</run_address>
         <size>0x5b</size>
         <input_file_ref idref="fl-a"/>
      </object_component>
      <object_component id="oc-1da">
[...]
         <object_component_ref idref="oc-108"/>
      </symbol>
      <symbol id="sm-7d">
         <name>timer_getMicros</name>
         <value>0x1f93</value>
         <object_component_ref idref="oc-108"/>
      </symbol>
      <symbol id="sm-7e">
         <name>timer_waitMillis</name>
         <value>0x201f</value>
         <object_component_ref idref="oc-108"/>
      </symbol>
      <symbol id="sm-7f">
         <name>timer_waitMicros</name>
         <value>0x1fed</value>
         <object_component_ref idref="oc-108"/>
      </symbol>
      <symbol id="sm-a4">
         <name>poll_ir_raw</name>
         <value>0x272f</value>
         <object_component_ref idref="oc-d7"/>
      </symbol>
      <symbol id="sm-a5">
         <name>poll_ir</name>
         <value>0x275f</value>
         <object_component_ref idref="oc-d7"/>
      </symbol>
      <symbol id="sm-a6">
         <name>adc_init</name>
         <value>0x2671</value>
         <object_component_ref idref="oc-d7"/>
      </symbol>
      <symbol id="sm-f3">
         <name>lcd_sendCommand</name>
         <value>0x1a2f</value>
         <object_component_ref idref="oc-102"/>
      </symbol>
      <symbol id="sm-f4">
         <name>lcd_sendNibble</name>
         <value>0x1a6d</value>
         <object_component_ref idref="oc-102"/>
      </symbol>
      <symbol id="sm-f5">
         <name>lcd_clear</name>
         <value>0x3b0b</value>
         <object_component_ref idref="oc-195"/>
      </symbol>
      <symbol id="sm-f6">
         <name>lcd_printf</name>
         <value>0x1b17</value>
         <object_component_ref idref="oc-102"/>
      </symbol>
      <symbol id="sm-f7">
         <name>lcd_setCursorPos</name>
         <value>0x1ad9</value>
         <object_component_ref idref="oc-102"/>
      </symbol>
      <symbol id="sm-f8">
         <name>lcd_init</name>
         <value>0x1919</value>
         <object_component_ref idref="oc-102"/>
      </symbol>
      <symbol id="sm-f9">
         <name>lcd_puts</name>
         <value>0x1a11</value>
         <object_component_ref idref="oc-102"/>
      </symbol>
      <symbol id="sm-fa">
         <name>lcd_putc</name>
         <value>0x19d9</value>
         <object_component_ref idref="oc-102"/>
      </symbol>
      <symbol id="sm-fb">
         <name>lcd_reverseNibble</name>
         <value>0x18dd</value>
         <object_component_ref idref="oc-102"/>
      </symbol>
      <symbol id="sm-fc">
         <name>lcd_gotoLine</name>
         <value>0x1ab1</value>
         <object_component_ref idref="oc-102"/>
      </symbol>
      <symbol id="sm-11b">
         <name>scan</name>
         <value>0x2f69</value>
         <object_component_ref idref="oc-a2"/>
      </symbol>
      <symbol id="sm-11c">
         <name>main</name>
         <value>0x2fd5</value>
         <object_component_ref idref="oc-a2"/>
      </symbol>
      <symbol id="sm-1eb">
         <name>go_charge</name>
         <value>0x97f</value>
         <object_component_ref idref="oc-10e"/>
      </symbol>
      <symbol id="sm-1ec">
         <name>GPIOF_Handler</name>
         <value>0xbc3</value>
         <object_component_ref idref="oc-10e"/>
      </symbol>
      <symbol id="sm-1ed">
         <name>oi_free</name>
         <value>0x279</value>
         <object_component_ref idref="oc-10e"/>
      </symbol>
      <symbol id="sm-1ee">
         <name>oi_getMotorCalibrationRight</name>
         <value>0xe01</value>
         <object_component_ref idref="oc-10e"/>
      </symbol>
      <symbol id="sm-1ef">
         <name>oi_uartReceive</name>
         <value>0xa31</value>
         <object_component_ref idref="oc-10e"/>
      </symbol>
      <symbol id="sm-1f0">
         <name>oi_setWheels</name>
         <value>0x88f</value>
         <object_component_ref idref="oc-10e"/>
      </symbol>
      <symbol id="sm-1f1">
         <name>oi_shutoff_init</name>
         <value>0xb51</value>
         <object_component_ref idref="oc-10e"/>
      </symbol>
      <symbol id="sm-1f2">
         <name>motor_cal_factor_L</name>
         <value>0x200022e0</value>
         <object_component_ref idref="oc-1cb"/>
      </symbol>
      <symbol id="sm-1f3">
         <name>motor_cal_factor_R</name>
         <value>0x200022e4</value>
         <object_component_ref idref="oc-1cb"/>
      </symbol>
      <symbol id="sm-1f4">
         <name>oi_parseInt</name>
         <value>0x3a7b</value>
         <object_component_ref idref="oc-1c4"/>
      </symbol>
      <symbol id="sm-1f5">
         <name>oi_setMotorCalibration</name>
         <value>0xdb1</value>
         <object_component_ref idref="oc-10e"/>
      </symbol>
      <symbol id="sm-1f6">
         <name>oi_uartSendStr</name>
         <value>0xa59</value>
         <object_component_ref idref="oc-10e"/>
      </symbol>
      <symbol id="sm-1f7">
         <name>oi_close</name>
         <value>0x2c7</value>
         <object_component_ref idref="oc-10e"/>
      </symbol>
      <symbol id="sm-1f8">
         <name>oi_uartSendBuff</name>
         <value>0xa77</value>
         <object_component_ref idref="oc-10e"/>
      </symbol>
      <symbol id="sm-1f9">
         <name>oi_checkFirmware</name>
         <value>0xaa9</value>
         <object_component_ref idref="oc-10e"/>
      </symbol>
      <symbol id="sm-1fa">
         <name>oi_init_noupdate</name>
         <value>0x289</value>
         <object_component_ref idref="oc-10e"/>
      </symbol>
      <symbol id="sm-1fb">
         <name>oi_uartSendChar</name>
         <value>0xa15</value>
         <object_component_ref idref="oc-10e"/>
      </symbol>
      <symbol id="sm-1fc">
         <name>oi_alloc</name>
         <value>0x26d</value>
         <object_component_ref idref="oc-10e"/>
      </symbol>
      <symbol id="sm-1fd">
         <name>oi_getMotorCalibrationLeft</name>
         <value>0xded</value>
         <object_component_ref idref="oc-10e"/>
      </symbol>
      <symbol id="sm-1fe">
         <name>oi_loadSong</name>
         <value>0x915</value>
         <object_component_ref idref="oc-10e"/>
      </symbol>
      <symbol id="sm-1ff">
         <name>oi_play_song</name>
         <value>0x96b</value>
         <object_component_ref idref="oc-10e"/>
      </symbol>
      <symbol id="sm-200">
         <name>oi_parsePacket</name>
         <value>0x32b</value>
         <object_component_ref idref="oc-10e"/>
      </symbol>
      <symbol id="sm-201">
         <name>oi_setLeds</name>
         <value>0x84b</value>
         <object_component_ref idref="oc-10e"/>
      </symbol>
      <symbol id="sm-202">
         <name>oi_init</name>
         <value>0x2b1</value>
         <object_component_ref idref="oc-10e"/>
      </symbol>
      <symbol id="sm-203">
         <name>oi_update</name>
         <value>0x2d9</value>
         <object_component_ref idref="oc-10e"/>
      </symbol>
      <symbol id="sm-204">
         <name>oi_uartInit</name>
         <value>0x98d</value>
         <object_component_ref idref="oc-10e"/>
      </symbol>
      <symbol id="sm-220">
         <name>ResetISR</name>
         <value>0x3b35</value>
         <object_component_ref idref="oc-2a"/>
      </symbol>
      <symbol id="sm-221">
         <name>g_pfnVectors</name>
         <value>0x0</value>
         <object_component_ref idref="oc-12"/>
      </symbol>
      <symbol id="sm-264">
         <name>UART1_Handler</name>
         <value>0x21ff</value>
         <object_component_ref idref="oc-fc"/>
      </symbol>
      <symbol id="sm-265">
         <name>run_scan</name>
         <value>0x20002300</value>
         <object_component_ref idref="oc-114"/>
      </symbol>
      <symbol id="sm-266">
         <name>kill_action</name>
         <value>0x2000230c</value>
         <object_component_ref idref="oc-114"/>
      </symbol>
      <symbol id="sm-267">
         <name>uart_sendChar</name>
         <value>0x21b1</value>
         <object_component_ref idref="oc-fc"/>
      </symbol>
      <symbol id="sm-268">
         <name>uart_interrupt_init</name>
         <value>0x20bd</value>
         <object_component_ref idref="oc-fc"/>
      </symbol>
      <symbol id="sm-269">
         <name>run_calibrate</name>
         <value>0x20002304</value>
         <object_component_ref idref="oc-114"/>
      </symbol>
      <symbol id="sm-26a">
         <name>run_go</name>
         <value>0x20002308</value>
         <object_component_ref idref="oc-114"/>
      </symbol>
      <symbol id="sm-26b">
         <name>uart_receive</name>
         <value>0x21cd</value>
         <object_component_ref idref="oc-fc"/>
      </symbol>
      <symbol id="sm-26c">
         <name>uart_sendStr</name>
         <value>0x21e1</value>
         <object_component_ref idref="oc-fc"/>
      </symbol>
      <symbol id="sm-293">
         <name>sprintf</name>
         <value>0x379d</value>
         <object_component_ref idref="oc-f6"/>
      </symbol>
      <symbol id="sm-2bd">
         <name>vsnprintf</name>
         <value>0x37dd</value>
         <object_component_ref idref="oc-19c"/>
      </symbol>
      <symbol id="sm-2d4">
         <name>__aeabi_dsub</name>
         <value>0x24b9</value>
         <object_component_ref idref="oc-e7"/>
      </symbol>
      <symbol id="sm-2d5">
         <name>__aeabi_dadd</name>
         <value>0x24c3</value>
         <object_component_ref idref="oc-e7"/>
      </symbol>
      <symbol id="sm-2f7">
         <name>__aeabi_cdcmpeq</name>
         <value>0x3229</value>
         <object_component_ref idref="oc-219"/>
      </symbol>
      <symbol id="sm-2f8">
         <name>__aeabi_cdcmple</name>
         <value>0x3229</value>
         <object_component_ref idref="oc-219"/>
      </symbol>
      <symbol id="sm-2f9">
         <name>__aeabi_cdrcmple</name>
         <value>0x32af</value>
         <object_component_ref idref="oc-2dc"/>
      </symbol>
      <symbol id="sm-30d">
         <name>__aeabi_ddiv</name>
         <value>0x291d</value>
         <object_component_ref idref="oc-e2"/>
      </symbol>
      <symbol id="sm-318">
         <name>__aeabi_dmul</name>
         <value>0x2d89</value>
         <object_component_ref idref="oc-17d"/>
      </symbol>
      <symbol id="sm-322">
         <name>__aeabi_d2iz</name>
         <value>0x3711</value>
         <object_component_ref idref="oc-178"/>
      </symbol>
      <symbol id="sm-32e">
         <name>__aeabi_d2f</name>
         <value>0x348f</value>
         <object_component_ref idref="oc-ec"/>
      </symbol>
      <symbol id="sm-339">
         <name>__aeabi_f2d</name>
         <value>0x3895</value>
         <object_component_ref idref="oc-f1"/>
      </symbol>
      <symbol id="sm-343">
         <name>__aeabi_i2d</name>
         <value>0x3965</value>
         <object_component_ref idref="oc-1ce"/>
      </symbol>
      <symbol id="sm-35e">
         <name>memcpy</name>
         <value>0x30f7</value>
         <object_component_ref idref="oc-3e"/>
      </symbol>
      <symbol id="sm-35f">
         <name>__aeabi_memcpy</name>
         <value>0x30f7</value>
         <object_component_ref idref="oc-3e"/>
      </symbol>
      <symbol id="sm-360">
         <name>__aeabi_memcpy8</name>
         <value>0x30f7</value>
         <object_component_ref idref="oc-3e"/>
      </symbol>
      <symbol id="sm-361">
         <name>__aeabi_memcpy4</name>
         <value>0x30f7</value>
         <object_component_ref idref="oc-3e"/>
      </symbol>
      <symbol id="sm-36b">
         <name>__aeabi_ui2d</name>
         <value>0x39bd</value>
         <object_component_ref idref="oc-dd"/>
      </symbol>
      <symbol id="sm-384">
         <name>__TI_zero_init_nomemset</name>
         <value>0x39dd</value>
         <object_component_ref idref="oc-4a"/>
      </symbol>
      <symbol id="sm-39b">
         <name>__TI_decompress_none</name>
         <value>0x3b1b</value>
         <object_component_ref idref="oc-1b"/>
      </symbol>
      <symbol id="sm-3be">
         <name>__TI_decompress_lzss</name>
         <value>0x34fd</value>
         <object_component_ref idref="oc-15"/>
      </symbol>
      <symbol id="sm-453">
         <name>_sys_memory</name>
         <value>0x20001270</value>
         <object_component_ref idref="oc-24"/>
      </symbol>
      <symbol id="sm-454">
         <name>free</name>
         <value>0x2e85</value>
         <object_component_ref idref="oc-1be"/>
      </symbol>
      <symbol id="sm-455">
         <name>memalign</name>
         <value>0x2c89</value>
         <object_component_ref idref="oc-346"/>
      </symbol>
      <symbol id="sm-456">
         <name>calloc</name>
         <value>0x385d</value>
         <object_component_ref idref="oc-1b8"/>
      </symbol>
      <symbol id="sm-457">
         <name>malloc</name>
         <value>0x3b55</value>
         <object_component_ref idref="oc-292"/>
      </symbol>
      <symbol id="sm-458">
         <name>aligned_alloc</name>
         <value>0x2c89</value>
         <object_component_ref idref="oc-346"/>
      </symbol>
      <symbol id="sm-467">
         <name>strcmp</name>
         <value>0x3a93</value>
         <object_component_ref idref="oc-1a2"/>
      </symbol>
      <symbol id="sm-475">
         <name>strcpy</name>
         <value>0x3ac1</value>
         <object_component_ref idref="oc-1a8"/>
      </symbol>
      <symbol id="sm-488">
         <name>__stack</name>
         <value>0x20000270</value>
         <object_component_ref idref="oc-27"/>
      </symbol>
      <symbol id="sm-489">
         <name>_c_int00_noargs</name>
         <value>0x3901</value>
         <object_component_ref idref="oc-5c"/>
      </symbol>
      <symbol id="sm-5ee">
         <name>__TI_printfi</name>
         <value>0xe8d</value>
         <object_component_ref idref="oc-15f"/>
      </symbol>
      <symbol id="sm-5fd">
         <name>__aeabi_memset</name>
         <value>0x3337</value>
         <object_component_ref idref="oc-96"/>
      </symbol>
      <symbol id="sm-5fe">
         <name>memset</name>
         <value>0x333d</value>
         <object_component_ref idref="oc-96"/>
      </symbol>
      <symbol id="sm-5ff">
         <name>__aeabi_memset8</name>
         <value>0x3337</value>
         <object_component_ref idref="oc-96"/>
      </symbol>
      <symbol id="sm-600">
         <name>__aeabi_memset4</name>
         <value>0x3337</value>
         <object_component_ref idref="oc-96"/>
      </symbol>
      <symbol id="sm-601">
         <name>__aeabi_memclr8</name>
         <value>0x3335</value>
         <object_component_ref idref="oc-96"/>
      </symbol>
      <symbol id="sm-602">
         <name>__aeabi_memclr4</name>
         <value>0x3335</value>
         <object_component_ref idref="oc-96"/>
      </symbol>
      <symbol id="sm-603">
         <name>__aeabi_memclr</name>
         <value>0x3335</value>
         <object_component_ref idref="oc-96"/>
      </symbol>
      <symbol id="sm-610">
         <name>__aeabi_uldivmod</name>
         <value>0x3193</value>
         <object_component_ref idref="oc-2d5"/>
      </symbol>
      <symbol id="sm-638">
         <name>__TI_auto_init_nobinit_nopinit</name>
         <value>0x3759</value>
         <object_component_ref idref="oc-125"/>
      </symbol>
      <symbol id="sm-642">
         <name>_system_pre_init</name>
         <value>0x3b5d</value>
         <object_component_ref idref="oc-9c"/>
      </symbol>
      <symbol id="sm-64e">
         <name>C$$EXIT</name>
         <value>0x3b61</value>
         <object_component_ref idref="oc-119"/>
      </symbol>
      <symbol id="sm-64f">
         <name>abort</name>
         <value>0x3b61</value>
         <object_component_ref idref="oc-119"/>
      </symbol>
      <symbol id="sm-664">
         <name>_nop</name>
         <value>0x18db</value>
         <object_component_ref idref="oc-2af"/>
      </symbol>
      <symbol id="sm-665">
         <name>_lock</name>
         <value>0x20002310</value>
         <object_component_ref idref="oc-1eb"/>
      </symbol>
      <symbol id="sm-666">
         <name>_unlock</name>
         <value>0x20002314</value>
         <object_component_ref idref="oc-1eb"/>
      </symbol>
      <symbol id="sm-675">
         <name>__TI_ltoa</name>
         <value>0x361f</value>
         <object_component_ref idref="oc-2e1"/>
      </symbol>
      <symbol id="sm-68c">
         <name>atoi</name>
         <value>0x36c5</value>
         <object_component_ref idref="oc-20d"/>
      </symbol>
      <symbol id="sm-697">
         <name>_ctypes_</name>
         <value>0x3b64</value>
         <object_component_ref idref="oc-2d0"/>
      </symbol>
      <symbol id="sm-6a7">
         <name>memccpy</name>
         <value>0x3a15</value>
         <object_component_ref idref="oc-236"/>
      </symbol>
      <symbol id="sm-6b7">
         <name>strchr</name>
         <value>0x3aab</value>
         <object_component_ref idref="oc-30e"/>
      </symbol>
      <symbol id="sm-6c5">
         <name>strlen</name>
         <value>0x3ad5</value>
         <object_component_ref idref="oc-207"/>
      </symbol>
      <symbol id="sm-6db">
         <name>__aeabi_errno_addr</name>
         <value>0x3b4d</value>
         <object_component_ref idref="oc-242"/>
      </symbol>
      <symbol id="sm-6dc">
         <name>errno</name>
         <value>0x20002320</value>
         <object_component_ref idref="oc-31e"/>
      </symbol>
      <symbol id="sm-6f5">
         <name>wcslen</name>
         <value>0x3ae9</value>
         <object_component_ref idref="oc-23c"/>
      </symbol>
      <symbol id="sm-715">
         <name>frexpl</name>
         <value>0x3565</value>
         <object_component_ref idref="oc-302"/>
      </symbol>
      <symbol id="sm-716">
         <name>frexp</name>
         <value>0x3565</value>
         <object_component_ref idref="oc-302"/>
      </symbol>
      <symbol id="sm-733">
         <name>scalbn</name>
         <value>0x2b79</value>
         <object_component_ref idref="oc-308"/>
      </symbol>
      <symbol id="sm-734">
         <name>scalbnl</name>
         <value>0x2b79</value>
         <object_component_ref idref="oc-308"/>
      </symbol>
      <symbol id="sm-735">
         <name>ldexpl</name>
         <value>0x2b79</value>
         <object_component_ref idref="oc-308"/>
      </symbol>
      <symbol id="sm-736">
         <name>ldexp</name>
         <value>0x2b79</value>
         <object_component_ref idref="oc-308"/>
      </symbol>
      <symbol id="sm-740">
         <name>__aeabi_idiv0</name>
         <value>0x266f</value>
         <object_component_ref idref="oc-368"/>
      </symbol>
      <symbol id="sm-741">
         <name>__aeabi_ldiv0</name>
         <value>0x266f</value>
         <object_component_ref idref="oc-368"/>
      </symbol>
      <symbol id="sm-74b">
         <name>copysign</name>
         <value>0x3a31</value>
         <object_component_ref idref="oc-37c"/>
      </symbol>
      <symbol id="sm-74c">
         <name>copysignl</name>
         <value>0x3a31</value>
         <object_component_ref idref="oc-37c"/>
      </symbol>
      <symbol id="sm-77b">
         <name>IntRegister</name>
         <value>0x38cd</value>
         <object_component_ref idref="oc-182"/>
      </symbol>
      <symbol id="sm-77c">
         <name>g_pfnRAMVectors</name>
         <value>0x20000000</value>
         <object_component_ref idref="oc-25a"/>
      </symbol>
      <symbol id="sm-77d">
         <name>IntMasterEnable</name>
         <value>0x3afb</value>
         <object_component_ref idref="oc-188"/>
      </symbol>
      <symbol id="sm-787">
         <name>CPUcpsie</name>
         <value>0x3b29</value>
         <object_component_ref idref="oc-264"/>
      </symbol>
      <symbol id="sm-788">
         <name>__TI_static_base__</name>
         <value>0x0</value>
      </symbol>
      <symbol id="sm-78b">
         <name>__mpu_init</name>
         <value>0x0</value>
      </symbol>
      <symbol id="sm-78c">
         <name>_system_post_cinit</name>
         <value>0x0</value>
      </symbol>
   </symbol_table>
   <title>Link successful</title>
</link_info>
