******************************************************************************
                  TI ARM Linker PC v20.2.7                     
******************************************************************************
>> Linked Thu Mar 28 12:40:06 2024

OUTPUT FILE NAME:   <Lab8.out>
ENTRY POINT SYMBOL: "_c_int00_noargs"  address: 00003901


MEMORY CONFIGURATION

         name            origin    length      used     unused   attr    fill
----------------------  --------  ---------  --------  --------  ----  --------
  FLASH                 00000000   00040000  00003ccc  0003c334  R  X
  SRAM                  20000000   00008000  00002321  00005cdf  RW X


SEGMENT ALLOCATION MAP

run origin  load origin   length   init length attrs members
----------  ----------- ---------- ----------- ----- -------
00000000    00000000    00003cd0   00003cd0    r-x
  00000000    00000000    0000026c   0000026c    r-- .intvecs
  0000026c    0000026c    000038f8   000038f8    r-x .text
  00003b64    00003b64    00000118   00000118    r-- .const
  00003c80    00003c80    00000050   00000050    r-- .cinit
20000000    20000000    00002325   00000000    rw-
  20000000    20000000    0000026c   00000000    rw- .vtable
  20000270    20000270    00001000   00000000    rw- .stack
  20001270    20001270    00001000   00000000    rw- .sysmem
  20002270    20002270    00000070   00000000    rw- .bss
  200022e0    200022e0    00000045   00000000    rw- .data


SECTION ALLOCATION MAP

 output                                  attributes/
section   page    origin      length       input sections
--------  ----  ----------  ----------   ----------------
.intvecs   0    00000000    0000026c     
                  00000000    0000026c     tm4c123gh6pm_startup_ccs.obj (.intvecs)

.text      0    0000026c    000038f8     
                  0000026c    00000c20     open_interface.obj (.text)
                  00000e8c    00000a4e     rtsv7M4_T_le_v4SPD16_eabi.lib : _printfi.c.obj (.text:__TI_printfi)
                  000018da    00000002                                   : _lock.c.obj (.text:_nop)
                  000018dc    00000328     lcd.obj (.text)
                  00001c04    00000270     rtsv7M4_T_le_v4SPD16_eabi.lib : _printfi.c.obj (.text:_pconv_a)
                  00001e74    00000248     Timer.obj (.text)
                  000020bc    0000022c     uart-interrupt.obj (.text)
                  000022e8    000001d0     rtsv7M4_T_le_v4SPD16_eabi.lib : _printfi.c.obj (.text:_pconv_g)
                  000024b8    000001b6                                   : fd_add_t2.asm.obj (.text)
                  0000266e    00000002                                   : div0.asm.obj (.text)
                  00002670    00000170     adc.obj (.text)
                  000027e0    0000013c     rtsv7M4_T_le_v4SPD16_eabi.lib : _printfi.c.obj (.text:_pconv_e)
                  0000291c    00000136                                   : fd_div_t2.asm.obj (.text)
                  00002a52    00000002     --HOLE-- [fill = 0]
                  00002a54    00000124                                   : _printfi.c.obj (.text:fcvt)
                  00002b78    00000110                                   : s_scalbn.c.obj (.text:scalbn)
                  00002c88    00000100                                   : memory.c.obj (.text:aligned_alloc)
                  00002d88    000000fc                                   : fd_mul_t2.asm.obj (.text)
                  00002e84    000000e4                                   : memory.c.obj (.text:free)
                  00002f68    000000dc     main.obj (.text)
                  00003044    000000b1     rtsv7M4_T_le_v4SPD16_eabi.lib : _printfi.c.obj (.text:_ltostr)
                  000030f5    00000001     --HOLE-- [fill = 0]
                  000030f6    0000009c                                   : memcpy_t2.asm.obj (.text)
                  00003192    00000096                                   : ull_div_t2.asm.obj (.text)
                  00003228    00000086                                   : fd_cmp_t2.asm.obj (.text:__aeabi_cdcmple)
                  000032ae    00000086                                   : fd_cmp_t2.asm.obj (.text:__aeabi_cdrcmple)
                  00003334    0000007a                                   : memset_t2.asm.obj (.text)
                  000033ae    00000002     --HOLE-- [fill = 0]
                  000033b0    00000070                                   : memory.c.obj (.text:split)
                  00003420    0000006e                                   : _printfi.c.obj (.text:_mcpy)
                  0000348e    0000006e                                   : fd_tos_t2.asm.obj (.text)
                  000034fc    00000068                                   : copy_decompress_lzss.c.obj (.text:decompress:lzss:__TI_decompress_lzss)
                  00003564    00000064                                   : s_frexp.c.obj (.text:frexp)
                  000035c8    00000056                                   : _printfi.c.obj (.text:_pconv_f)
                  0000361e    00000054                                   : _ltoa.c.obj (.text:__TI_ltoa)
                  00003672    00000052                                   : _printfi.c.obj (.text:_ecpy)
                  000036c4    0000004c                                   : atoi.c.obj (.text:atoi)
                  00003710    00000048                                   : fd_toi_t2.asm.obj (.text)
                  00003758    00000044                                   : autoinit.c.obj (.text:__TI_auto_init_nobinit_nopinit:__TI_auto_init_nobinit_nopinit)
                  0000379c    00000040                                   : sprintf.c.obj (.text:sprintf)
                  000037dc    00000040                                   : vsnprintf.c.obj (.text:vsnprintf)
                  0000381c    0000003e                                   : _printfi.c.obj (.text:_fcpy)
                  0000385a    00000002     --HOLE-- [fill = 0]
                  0000385c    00000038                                   : memory.c.obj (.text:calloc)
                  00003894    00000038                                   : fs_tod_t2.asm.obj (.text)
                  000038cc    00000034     driverlib.lib : interrupt.obj (.text:IntRegister)
                  00003900    00000034     rtsv7M4_T_le_v4SPD16_eabi.lib : boot_cortex_m.c.obj (.text:_c_int00_noargs:_c_int00_noargs)
                  00003934    00000030                                   : vsnprintf.c.obj (.text:_outs)
                  00003964    0000002e                                   : i_tofd_t2.asm.obj (.text)
                  00003992    00000002     --HOLE-- [fill = 0]
                  00003994    00000028                                   : memory.c.obj (.text:free_list_insert)
                  000039bc    00000020                                   : u_tofd_t2.asm.obj (.text)
                  000039dc    0000001c                                   : copy_zero_init.c.obj (.text:decompress:ZI:__TI_zero_init_nomemset:__TI_zero_init_nomemset)
                  000039f8    0000001c                                   : memory.c.obj (.text:free_list_remove)
                  00003a14    0000001c                                   : memccpy.c.obj (.text:memccpy)
                  00003a30    0000001a                                   : s_copysign.c.obj (.text:copysign)
                  00003a4a    00000018                                   : vsnprintf.c.obj (.text:_outc)
                  00003a62    00000018                                   : sprintf.c.obj (.text:_outs)
                  00003a7a    00000018     open_interface.obj (.text:oi_parseInt)
                  00003a92    00000018     rtsv7M4_T_le_v4SPD16_eabi.lib : strcmp.c.obj (.text:strcmp)
                  00003aaa    00000016                                   : strchr.c.obj (.text:strchr)
                  00003ac0    00000014                                   : strcpy.c.obj (.text:strcpy)
                  00003ad4    00000014                                   : strlen.c.obj (.text:strlen)
                  00003ae8    00000012                                   : wcslen.c.obj (.text:wcslen)
                  00003afa    00000010     driverlib.lib : interrupt.obj (.text:IntMasterEnable)
                  00003b0a    00000010     lcd.obj (.text:lcd_clear)
                  00003b1a    0000000e     rtsv7M4_T_le_v4SPD16_eabi.lib : copy_decompress_none.c.obj (.text:decompress:none:__TI_decompress_none)
                  00003b28    0000000c     driverlib.lib : cpu.obj (.text:CPUcpsie)
                  00003b34    0000000c     tm4c123gh6pm_startup_ccs.obj (.text)
                  00003b40    0000000a     rtsv7M4_T_le_v4SPD16_eabi.lib : sprintf.c.obj (.text:_outc)
                  00003b4a    00000002     --HOLE-- [fill = 0]
                  00003b4c    00000008                                   : errno.c.obj (.text:__aeabi_errno_addr)
                  00003b54    00000008                                   : memory.c.obj (.text:malloc)
                  00003b5c    00000004                                   : pre_init.c.obj (.text:_system_pre_init)
                  00003b60    00000004                                   : exit.c.obj (.text:abort:abort)

.const     0    00003b64    00000118     
                  00003b64    00000101     rtsv7M4_T_le_v4SPD16_eabi.lib : ctype.c.obj (.const:.string:_ctypes_)
                  00003c65    0000000f     open_interface.obj (.const:.string:$P$T0$3)
                  00003c74    00000004     lcd.obj (.const:.string:lineAddress$1)
                  00003c78    00000004     lcd.obj (.const:.string:lineAddresses$2)

.cinit     0    00003c80    00000050     
                  00003c80    00000019     (.cinit..data.load) [load image, compression = lzss]
                  00003c99    00000003     --HOLE-- [fill = 0]
                  00003c9c    0000000c     (__TI_handler_table)
                  00003ca8    00000008     (.cinit..bss.load) [load image, compression = zero_init]
                  00003cb0    00000008     (.cinit..vtable.load) [load image, compression = zero_init]
                  00003cb8    00000018     (__TI_cinit_table)

.init_array 
*          0    00000000    00000000     UNINITIALIZED

.vtable    0    20000000    0000026c     UNINITIALIZED
                  20000000    0000026c     driverlib.lib : interrupt.obj (.vtable)

.stack     0    20000270    00001000     UNINITIALIZED
                  20000270    00000004     rtsv7M4_T_le_v4SPD16_eabi.lib : boot_cortex_m.c.obj (.stack)
                  20000274    00000ffc     --HOLE--

.sysmem    0    20001270    00001000     UNINITIALIZED
                  20001270    00000010     rtsv7M4_T_le_v4SPD16_eabi.lib : memory.c.obj (.sysmem)
                  20001280    00000ff0     --HOLE--

.bss       0    20002270    00000070     UNINITIALIZED
                  20002270    00000054     lcd.obj (.bss:lastbuffer$3)
                  200022c4    00000018     open_interface.obj (.bss:firmware$2)
                  200022dc    00000004     (.common:_timeout_ticks)

.data      0    200022e0    00000045     UNINITIALIZED
                  200022e0    00000020     open_interface.obj (.data)
                  20002300    00000010     uart-interrupt.obj (.data)
                  20002310    00000008     rtsv7M4_T_le_v4SPD16_eabi.lib : _lock.c.obj (.data:$O1$$)
                  20002318    00000008                                   : memory.c.obj (.data:$O1$$)
                  20002320    00000004                                   : errno.c.obj (.data)
                  20002324    00000001     Timer.obj (.data)

__llvm_prf_cnts 
*          0    20000000    00000000     UNINITIALIZED

MODULE SUMMARY

       Module                         code    ro data   rw data
       ------                         ----    -------   -------
    .\
       open_interface.obj             3128    15        56     
       lcd.obj                        824     8         84     
       tm4c123gh6pm_startup_ccs.obj   12      620       0      
       Timer.obj                      584     0         5      
       uart-interrupt.obj             556     0         16     
       adc.obj                        368     0         0      
       main.obj                       220     0         0      
    +--+------------------------------+-------+---------+---------+
       Total:                         5692    643       161    
                                                               
    C:/ti/TivaWare_C_Series-2.2.0.295/driverlib/ccs/Debug/driverlib.lib
       interrupt.obj                  68      0         620    
       cpu.obj                        12      0         0      
    +--+------------------------------+-------+---------+---------+
       Total:                         80      0         620    
                                                               
    C:\ti\ccs1230\ccs\tools\compiler\ti-cgt-arm_20.2.7.LTS\lib\rtsv7M4_T_le_v4SPD16_eabi.lib
       _printfi.c.obj                 4851    0         0      
       memory.c.obj                   728     0         8      
       fd_add_t2.asm.obj              438     0         0      
       fd_div_t2.asm.obj              310     0         0      
       s_scalbn.c.obj                 272     0         0      
       fd_cmp_t2.asm.obj              268     0         0      
       ctype.c.obj                    0       257       0      
       fd_mul_t2.asm.obj              252     0         0      
       memcpy_t2.asm.obj              156     0         0      
       ull_div_t2.asm.obj             150     0         0      
       vsnprintf.c.obj                136     0         0      
       memset_t2.asm.obj              122     0         0      
       fd_tos_t2.asm.obj              110     0         0      
       copy_decompress_lzss.c.obj     104     0         0      
       s_frexp.c.obj                  100     0         0      
       sprintf.c.obj                  98      0         0      
       _ltoa.c.obj                    84      0         0      
       atoi.c.obj                     76      0         0      
       fd_toi_t2.asm.obj              72      0         0      
       autoinit.c.obj                 68      0         0      
       fs_tod_t2.asm.obj              56      0         0      
       boot_cortex_m.c.obj            52      0         0      
       i_tofd_t2.asm.obj              46      0         0      
       u_tofd_t2.asm.obj              32      0         0      
       copy_zero_init.c.obj           28      0         0      
       memccpy.c.obj                  28      0         0      
       s_copysign.c.obj               26      0         0      
       strcmp.c.obj                   24      0         0      
       strchr.c.obj                   22      0         0      
       strcpy.c.obj                   20      0         0      
       strlen.c.obj                   20      0         0      
       wcslen.c.obj                   18      0         0      
       copy_decompress_none.c.obj     14      0         0      
       errno.c.obj                    8       0         4      
       _lock.c.obj                    2       0         8      
       exit.c.obj                     4       0         0      
       pre_init.c.obj                 4       0         0      
       div0.asm.obj                   2       0         0      
    +--+------------------------------+-------+---------+---------+
       Total:                         8801    257       20     
                                                               
       Heap:                          0       0         4096   
       Stack:                         0       0         4096   
       Linker Generated:              0       77        0      
    +--+------------------------------+-------+---------+---------+
       Grand Total:                   14573   977       8993   


LINKER GENERATED COPY TABLES

__TI_cinit_table @ 00003cb8 records: 3, size/record: 8, table size: 24
	.data: load addr=00003c80, load size=00000019 bytes, run addr=200022e0, run size=00000045 bytes, compression=lzss
	.bss: load addr=00003ca8, load size=00000008 bytes, run addr=20002270, run size=00000070 bytes, compression=zero_init
	.vtable: load addr=00003cb0, load size=00000008 bytes, run addr=20000000, run size=0000026c bytes, compression=zero_init


LINKER GENERATED HANDLER TABLE

__TI_handler_table @ 00003c9c records: 3, size/record: 4, table size: 12
	index: 0, handler: __TI_zero_init
	index: 1, handler: __TI_decompress_lzss
	index: 2, handler: __TI_decompress_none


GLOBAL SYMBOLS: SORTED ALPHABETICALLY BY Name 

address   name                          
-------   ----                          
00003b61  C$$EXIT                       
00003b29  CPUcpsie                      
00000bc3  GPIOF_Handler                 
00003afb  IntMasterEnable               
000038cd  IntRegister                   
00003b35  ResetISR                      
000021ff  UART1_Handler                 
20001270  __STACK_END                   
00001000  __STACK_SIZE                  
20000470  __STACK_TOP                   
00001000  __SYSMEM_SIZE                 
00003cb8  __TI_CINIT_Base               
00003cd0  __TI_CINIT_Limit              
00003c9c  __TI_Handler_Table_Base       
00003ca8  __TI_Handler_Table_Limit      
00003759  __TI_auto_init_nobinit_nopinit
000034fd  __TI_decompress_lzss          
00003b1b  __TI_decompress_none          
0000361f  __TI_ltoa                     
ffffffff  __TI_pprof_out_hndl           
00000e8d  __TI_printfi                  
ffffffff  __TI_prof_data_size           
ffffffff  __TI_prof_data_start          
00000000  __TI_static_base__            
000039dd  __TI_zero_init_nomemset       
00003229  __aeabi_cdcmpeq               
00003229  __aeabi_cdcmple               
000032af  __aeabi_cdrcmple              
0000348f  __aeabi_d2f                   
00003711  __aeabi_d2iz                  
000024c3  __aeabi_dadd                  
0000291d  __aeabi_ddiv                  
00002d89  __aeabi_dmul                  
000024b9  __aeabi_dsub                  
00003b4d  __aeabi_errno_addr            
00003895  __aeabi_f2d                   
00003965  __aeabi_i2d                   
0000266f  __aeabi_idiv0                 
0000266f  __aeabi_ldiv0                 
00003335  __aeabi_memclr                
00003335  __aeabi_memclr4               
00003335  __aeabi_memclr8               
000030f7  __aeabi_memcpy                
000030f7  __aeabi_memcpy4               
000030f7  __aeabi_memcpy8               
00003337  __aeabi_memset                
00003337  __aeabi_memset4               
00003337  __aeabi_memset8               
000039bd  __aeabi_ui2d                  
00003193  __aeabi_uldivmod              
ffffffff  __binit__                     
ffffffff  __c_args__                    
UNDEFED   __mpu_init                    
20000270  __stack                       
20000000  __start___llvm_prf_cnts       
20000000  __stop___llvm_prf_cnts        
00003901  _c_int00_noargs               
00003b64  _ctypes_                      
20002310  _lock                         
000018db  _nop                          
20002324  _running                      
20001270  _sys_memory                   
UNDEFED   _system_post_cinit            
00003b5d  _system_pre_init              
200022dc  _timeout_ticks                
20002314  _unlock                       
00003b61  abort                         
00002671  adc_init                      
00002c89  aligned_alloc                 
000036c5  atoi                          
ffffffff  binit                         
0000385d  calloc                        
00003a31  copysign                      
00003a31  copysignl                     
20002320  errno                         
00002e85  free                          
00003565  frexp                         
00003565  frexpl                        
20000000  g_pfnRAMVectors               
00000000  g_pfnVectors                  
0000097f  go_charge                     
2000230c  kill_action                   
00003b0b  lcd_clear                     
00001ab1  lcd_gotoLine                  
00001919  lcd_init                      
00001b17  lcd_printf                    
000019d9  lcd_putc                      
00001a11  lcd_puts                      
000018dd  lcd_reverseNibble             
00001a2f  lcd_sendCommand               
00001a6d  lcd_sendNibble                
00001ad9  lcd_setCursorPos              
00002b79  ldexp                         
00002b79  ldexpl                        
00002fd5  main                          
00003b55  malloc                        
00002c89  memalign                      
00003a15  memccpy                       
000030f7  memcpy                        
0000333d  memset                        
200022e0  motor_cal_factor_L            
200022e4  motor_cal_factor_R            
0000026d  oi_alloc                      
00000aa9  oi_checkFirmware              
000002c7  oi_close                      
00000279  oi_free                       
00000ded  oi_getMotorCalibrationLeft    
00000e01  oi_getMotorCalibrationRight   
000002b1  oi_init                       
00000289  oi_init_noupdate              
00000915  oi_loadSong                   
00003a7b  oi_parseInt                   
0000032b  oi_parsePacket                
0000096b  oi_play_song                  
0000084b  oi_setLeds                    
00000db1  oi_setMotorCalibration        
0000088f  oi_setWheels                  
00000b51  oi_shutoff_init               
0000098d  oi_uartInit                   
00000a31  oi_uartReceive                
00000a77  oi_uartSendBuff               
00000a15  oi_uartSendChar               
00000a59  oi_uartSendStr                
000002d9  oi_update                     
0000275f  poll_ir                       
0000272f  poll_ir_raw                   
20002304  run_calibrate                 
20002308  run_go                        
20002300  run_scan                      
00002b79  scalbn                        
00002b79  scalbnl                       
00002f69  scan                          
0000379d  sprintf                       
00003aab  strchr                        
00003a93  strcmp                        
00003ac1  strcpy                        
00003ad5  strlen                        
00001f93  timer_getMicros               
00001f3b  timer_getMillis               
00001e75  timer_init                    
00001f17  timer_pause                   
00001f29  timer_resume                  
00001eed  timer_stop                    
00001fed  timer_waitMicros              
0000201f  timer_waitMillis              
000020bd  uart_interrupt_init           
000021cd  uart_receive                  
000021b1  uart_sendChar                 
000021e1  uart_sendStr                  
000037dd  vsnprintf                     
00003ae9  wcslen                        


GLOBAL SYMBOLS: SORTED BY Symbol Address 

address   name                          
-------   ----                          
00000000  __TI_static_base__            
00000000  g_pfnVectors                  
0000026d  oi_alloc                      
00000279  oi_free                       
00000289  oi_init_noupdate              
000002b1  oi_init                       
000002c7  oi_close                      
000002d9  oi_update                     
0000032b  oi_parsePacket                
0000084b  oi_setLeds                    
0000088f  oi_setWheels                  
00000915  oi_loadSong                   
0000096b  oi_play_song                  
0000097f  go_charge                     
0000098d  oi_uartInit                   
00000a15  oi_uartSendChar               
00000a31  oi_uartReceive                
00000a59  oi_uartSendStr                
00000a77  oi_uartSendBuff               
00000aa9  oi_checkFirmware              
00000b51  oi_shutoff_init               
00000bc3  GPIOF_Handler                 
00000db1  oi_setMotorCalibration        
00000ded  oi_getMotorCalibrationLeft    
00000e01  oi_getMotorCalibrationRight   
00000e8d  __TI_printfi                  
00001000  __STACK_SIZE                  
00001000  __SYSMEM_SIZE                 
000018db  _nop                          
000018dd  lcd_reverseNibble             
00001919  lcd_init                      
000019d9  lcd_putc                      
00001a11  lcd_puts                      
00001a2f  lcd_sendCommand               
00001a6d  lcd_sendNibble                
00001ab1  lcd_gotoLine                  
00001ad9  lcd_setCursorPos              
00001b17  lcd_printf                    
00001e75  timer_init                    
00001eed  timer_stop                    
00001f17  timer_pause                   
00001f29  timer_resume                  
00001f3b  timer_getMillis               
00001f93  timer_getMicros               
00001fed  timer_waitMicros              
0000201f  timer_waitMillis              
000020bd  uart_interrupt_init           
000021b1  uart_sendChar                 
000021cd  uart_receive                  
000021e1  uart_sendStr                  
000021ff  UART1_Handler                 
000024b9  __aeabi_dsub                  
000024c3  __aeabi_dadd                  
0000266f  __aeabi_idiv0                 
0000266f  __aeabi_ldiv0                 
00002671  adc_init                      
0000272f  poll_ir_raw                   
0000275f  poll_ir                       
0000291d  __aeabi_ddiv                  
00002b79  ldexp                         
00002b79  ldexpl                        
00002b79  scalbn                        
00002b79  scalbnl                       
00002c89  aligned_alloc                 
00002c89  memalign                      
00002d89  __aeabi_dmul                  
00002e85  free                          
00002f69  scan                          
00002fd5  main                          
000030f7  __aeabi_memcpy                
000030f7  __aeabi_memcpy4               
000030f7  __aeabi_memcpy8               
000030f7  memcpy                        
00003193  __aeabi_uldivmod              
00003229  __aeabi_cdcmpeq               
00003229  __aeabi_cdcmple               
000032af  __aeabi_cdrcmple              
00003335  __aeabi_memclr                
00003335  __aeabi_memclr4               
00003335  __aeabi_memclr8               
00003337  __aeabi_memset                
00003337  __aeabi_memset4               
00003337  __aeabi_memset8               
0000333d  memset                        
0000348f  __aeabi_d2f                   
000034fd  __TI_decompress_lzss          
00003565  frexp                         
00003565  frexpl                        
0000361f  __TI_ltoa                     
000036c5  atoi                          
00003711  __aeabi_d2iz                  
00003759  __TI_auto_init_nobinit_nopinit
0000379d  sprintf                       
000037dd  vsnprintf                     
0000385d  calloc                        
00003895  __aeabi_f2d                   
000038cd  IntRegister                   
00003901  _c_int00_noargs               
00003965  __aeabi_i2d                   
000039bd  __aeabi_ui2d                  
000039dd  __TI_zero_init_nomemset       
00003a15  memccpy                       
00003a31  copysign                      
00003a31  copysignl                     
00003a7b  oi_parseInt                   
00003a93  strcmp                        
00003aab  strchr                        
00003ac1  strcpy                        
00003ad5  strlen                        
00003ae9  wcslen                        
00003afb  IntMasterEnable               
00003b0b  lcd_clear                     
00003b1b  __TI_decompress_none          
00003b29  CPUcpsie                      
00003b35  ResetISR                      
00003b4d  __aeabi_errno_addr            
00003b55  malloc                        
00003b5d  _system_pre_init              
00003b61  C$$EXIT                       
00003b61  abort                         
00003b64  _ctypes_                      
00003c9c  __TI_Handler_Table_Base       
00003ca8  __TI_Handler_Table_Limit      
00003cb8  __TI_CINIT_Base               
00003cd0  __TI_CINIT_Limit              
20000000  __start___llvm_prf_cnts       
20000000  __stop___llvm_prf_cnts        
20000000  g_pfnRAMVectors               
20000270  __stack                       
20000470  __STACK_TOP                   
20001270  __STACK_END                   
20001270  _sys_memory                   
200022dc  _timeout_ticks                
200022e0  motor_cal_factor_L            
200022e4  motor_cal_factor_R            
20002300  run_scan                      
20002304  run_calibrate                 
20002308  run_go                        
2000230c  kill_action                   
20002310  _lock                         
20002314  _unlock                       
20002320  errno                         
20002324  _running                      
ffffffff  __TI_pprof_out_hndl           
ffffffff  __TI_prof_data_size           
ffffffff  __TI_prof_data_start          
ffffffff  __binit__                     
ffffffff  __c_args__                    
ffffffff  binit                         
UNDEFED   __mpu_init                    
UNDEFED   _system_post_cinit            

[151 symbols]
