******************************************************************************
                  TI ARM Linker PC v20.2.7                     
******************************************************************************
>> Linked Tue Apr  2 21:07:26 2024

OUTPUT FILE NAME:   <Lab9.out>
ENTRY POINT SYMBOL: "_c_int00_noargs"  address: 00002b11


MEMORY CONFIGURATION

         name            origin    length      used     unused   attr    fill
----------------------  --------  ---------  --------  --------  ----  --------
  FLASH                 00000000   00040000  00002e55  0003d1ab  R  X
  SRAM                  20000000   00008000  000022e4  00005d1c  RW X


SEGMENT ALLOCATION MAP

run origin  load origin   length   init length attrs members
----------  ----------- ---------- ----------- ----- -------
00000000    00000000    00002e58   00002e58    r-x
  00000000    00000000    0000026c   0000026c    r-- .intvecs
  0000026c    0000026c    00002aa0   00002aa0    r-x .text
  00002d0c    00002d0c    00000109   00000109    r-- .const
  00002e18    00002e18    00000040   00000040    r-- .cinit
20000000    20000000    000022e8   00000000    rw-
  20000000    20000000    0000026c   00000000    rw- .vtable
  20000270    20000270    00001000   00000000    rw- .stack
  20001270    20001270    00001000   00000000    rw- .sysmem
  20002270    20002270    00000058   00000000    rw- .bss
  200022c8    200022c8    00000020   00000000    rw- .data


SECTION ALLOCATION MAP

 output                                  attributes/
section   page    origin      length       input sections
--------  ----  ----------  ----------   ----------------
.intvecs   0    00000000    0000026c     
                  00000000    0000026c     tm4c123gh6pm_startup_ccs.obj (.intvecs)

.text      0    0000026c    00002aa0     
                  0000026c    00000a4e     rtsv7M4_T_le_v4SPD16_eabi.lib : _printfi.c.obj (.text:__TI_printfi)
                  00000cba    00000002                                   : div0.asm.obj (.text)
                  00000cbc    00000328     lcd.obj (.text)
                  00000fe4    00000270     rtsv7M4_T_le_v4SPD16_eabi.lib : _printfi.c.obj (.text:_pconv_a)
                  00001254    00000254     ping.obj (.text)
                  000014a8    00000248     Timer.obj (.text)
                  000016f0    0000022c     uart-interrupt.obj (.text)
                  0000191c    000001d0     rtsv7M4_T_le_v4SPD16_eabi.lib : _printfi.c.obj (.text:_pconv_g)
                  00001aec    000001b6                                   : fd_add_t2.asm.obj (.text)
                  00001ca2    00000002     --HOLE-- [fill = 0]
                  00001ca4    0000013c                                   : _printfi.c.obj (.text:_pconv_e)
                  00001de0    00000136                                   : fd_div_t2.asm.obj (.text)
                  00001f16    00000002     --HOLE-- [fill = 0]
                  00001f18    00000124                                   : _printfi.c.obj (.text:fcvt)
                  0000203c    00000110                                   : s_scalbn.c.obj (.text:scalbn)
                  0000214c    000000fc                                   : fd_mul_t2.asm.obj (.text)
                  00002248    000000b4     main.obj (.text)
                  000022fc    000000b1     rtsv7M4_T_le_v4SPD16_eabi.lib : _printfi.c.obj (.text:_ltostr)
                  000023ad    00000001     --HOLE-- [fill = 0]
                  000023ae    0000009c                                   : memcpy_t2.asm.obj (.text)
                  0000244a    00000096                                   : ull_div_t2.asm.obj (.text)
                  000024e0    00000086                                   : fd_cmp_t2.asm.obj (.text:__aeabi_cdcmple)
                  00002566    00000086                                   : fd_cmp_t2.asm.obj (.text:__aeabi_cdrcmple)
                  000025ec    0000007a                                   : memset_t2.asm.obj (.text)
                  00002666    0000006e                                   : _printfi.c.obj (.text:_mcpy)
                  000026d4    0000006e                                   : fd_tos_t2.asm.obj (.text)
                  00002742    00000068                                   : copy_decompress_lzss.c.obj (.text:decompress:lzss:__TI_decompress_lzss)
                  000027aa    00000002     --HOLE-- [fill = 0]
                  000027ac    00000064                                   : s_frexp.c.obj (.text:frexp)
                  00002810    00000056                                   : _printfi.c.obj (.text:_pconv_f)
                  00002866    00000054                                   : _ltoa.c.obj (.text:__TI_ltoa)
                  000028ba    00000052                                   : _printfi.c.obj (.text:_ecpy)
                  0000290c    0000004c                                   : atoi.c.obj (.text:atoi)
                  00002958    00000048                                   : fd_toi_t2.asm.obj (.text)
                  000029a0    00000044                                   : autoinit.c.obj (.text:__TI_auto_init_nobinit_nopinit:__TI_auto_init_nobinit_nopinit)
                  000029e4    00000040                                   : sprintf.c.obj (.text:sprintf)
                  00002a24    00000040                                   : vsnprintf.c.obj (.text:vsnprintf)
                  00002a64    0000003e                                   : _printfi.c.obj (.text:_fcpy)
                  00002aa2    00000038                                   : fs_tod_t2.asm.obj (.text)
                  00002ada    00000002     --HOLE-- [fill = 0]
                  00002adc    00000034     driverlib.lib : interrupt.obj (.text:IntRegister)
                  00002b10    00000034     rtsv7M4_T_le_v4SPD16_eabi.lib : boot_cortex_m.c.obj (.text:_c_int00_noargs:_c_int00_noargs)
                  00002b44    00000030                                   : vsnprintf.c.obj (.text:_outs)
                  00002b74    0000002e                                   : i_tofd_t2.asm.obj (.text)
                  00002ba2    00000020                                   : u_tofd_t2.asm.obj (.text)
                  00002bc2    0000001c                                   : copy_zero_init.c.obj (.text:decompress:ZI:__TI_zero_init_nomemset:__TI_zero_init_nomemset)
                  00002bde    0000001c                                   : memccpy.c.obj (.text:memccpy)
                  00002bfa    0000001a                                   : s_copysign.c.obj (.text:copysign)
                  00002c14    00000018                                   : vsnprintf.c.obj (.text:_outc)
                  00002c2c    00000018                                   : sprintf.c.obj (.text:_outs)
                  00002c44    00000018                                   : strcmp.c.obj (.text:strcmp)
                  00002c5c    00000016                                   : strchr.c.obj (.text:strchr)
                  00002c72    00000014                                   : strcpy.c.obj (.text:strcpy)
                  00002c86    00000014                                   : strlen.c.obj (.text:strlen)
                  00002c9a    00000012                                   : wcslen.c.obj (.text:wcslen)
                  00002cac    00000010     driverlib.lib : interrupt.obj (.text:IntMasterEnable)
                  00002cbc    00000010     lcd.obj (.text:lcd_clear)
                  00002ccc    0000000e     rtsv7M4_T_le_v4SPD16_eabi.lib : copy_decompress_none.c.obj (.text:decompress:none:__TI_decompress_none)
                  00002cda    0000000c     driverlib.lib : cpu.obj (.text:CPUcpsie)
                  00002ce6    0000000c     tm4c123gh6pm_startup_ccs.obj (.text)
                  00002cf2    0000000a     rtsv7M4_T_le_v4SPD16_eabi.lib : sprintf.c.obj (.text:_outc)
                  00002cfc    00000008                                   : errno.c.obj (.text:__aeabi_errno_addr)
                  00002d04    00000004                                   : pre_init.c.obj (.text:_system_pre_init)
                  00002d08    00000004                                   : exit.c.obj (.text:abort:abort)

.const     0    00002d0c    00000109     
                  00002d0c    00000101     rtsv7M4_T_le_v4SPD16_eabi.lib : ctype.c.obj (.const:.string:_ctypes_)
                  00002e0d    00000004     lcd.obj (.const:.string:lineAddress$1)
                  00002e11    00000004     lcd.obj (.const:.string:lineAddresses$2)

.cinit     0    00002e18    00000040     
                  00002e18    0000000c     (__TI_handler_table)
                  00002e24    00000004     --HOLE-- [fill = 0]
                  00002e28    00000008     (.cinit..bss.load) [load image, compression = zero_init]
                  00002e30    00000008     (.cinit..data.load) [load image, compression = lzss]
                  00002e38    00000008     (.cinit..vtable.load) [load image, compression = zero_init]
                  00002e40    00000018     (__TI_cinit_table)

.init_array 
*          0    00000000    00000000     UNINITIALIZED

.vtable    0    20000000    0000026c     UNINITIALIZED
                  20000000    0000026c     driverlib.lib : interrupt.obj (.vtable)

.stack     0    20000270    00001000     UNINITIALIZED
                  20000270    00000004     rtsv7M4_T_le_v4SPD16_eabi.lib : boot_cortex_m.c.obj (.stack)
                  20000274    00000ffc     --HOLE--

.sysmem    0    20001270    00001000     UNINITIALIZED
                  20001270    00000010     rtsv7M4_T_le_v4SPD16_eabi.lib : memory.c.obj (.sysmem)
                  20001280    00000ff0     --HOLE--

.bss       0    20002270    00000058     UNINITIALIZED
                  20002270    00000054     lcd.obj (.bss:lastbuffer$3)
                  200022c4    00000004     (.common:_timeout_ticks)

.data      0    200022c8    00000020     UNINITIALIZED
                  200022c8    00000010     uart-interrupt.obj (.data)
                  200022d8    00000009     ping.obj (.data)
                  200022e1    00000001     Timer.obj (.data)
                  200022e2    00000002     --HOLE--
                  200022e4    00000004     rtsv7M4_T_le_v4SPD16_eabi.lib : errno.c.obj (.data)

__llvm_prf_cnts 
*          0    20000000    00000000     UNINITIALIZED

MODULE SUMMARY

       Module                         code    ro data   rw data
       ------                         ----    -------   -------
    .\
       lcd.obj                        824     8         84     
       tm4c123gh6pm_startup_ccs.obj   12      620       0      
       ping.obj                       596     0         9      
       Timer.obj                      584     0         5      
       uart-interrupt.obj             556     0         16     
       main.obj                       180     0         0      
    +--+------------------------------+-------+---------+---------+
       Total:                         2752    628       114    
                                                               
    C:/ti/TivaWare_C_Series-2.2.0.295/driverlib/ccs/Debug/driverlib.lib
       interrupt.obj                  68      0         620    
       cpu.obj                        12      0         0      
    +--+------------------------------+-------+---------+---------+
       Total:                         80      0         620    
                                                               
    C:\ti\ccs1230\ccs\tools\compiler\ti-cgt-arm_20.2.7.LTS\lib\rtsv7M4_T_le_v4SPD16_eabi.lib
       _printfi.c.obj                 4851    0         0      
       fd_add_t2.asm.obj              438     0         0      
       fd_div_t2.asm.obj              310     0         0      
       s_scalbn.c.obj                 272     0         0      
       fd_cmp_t2.asm.obj              268     0         0      
       ctype.c.obj                    0       257       0      
       fd_mul_t2.asm.obj              252     0         0      
       memcpy_t2.asm.obj              156     0         0      
       ull_div_t2.asm.obj             150     0         0      
       vsnprintf.c.obj                136     0         0      
       memset_t2.asm.obj              122     0         0      
       fd_tos_t2.asm.obj              110     0         0      
       copy_decompress_lzss.c.obj     104     0         0      
       s_frexp.c.obj                  100     0         0      
       sprintf.c.obj                  98      0         0      
       _ltoa.c.obj                    84      0         0      
       atoi.c.obj                     76      0         0      
       fd_toi_t2.asm.obj              72      0         0      
       autoinit.c.obj                 68      0         0      
       fs_tod_t2.asm.obj              56      0         0      
       boot_cortex_m.c.obj            52      0         0      
       i_tofd_t2.asm.obj              46      0         0      
       u_tofd_t2.asm.obj              32      0         0      
       copy_zero_init.c.obj           28      0         0      
       memccpy.c.obj                  28      0         0      
       s_copysign.c.obj               26      0         0      
       strcmp.c.obj                   24      0         0      
       strchr.c.obj                   22      0         0      
       strcpy.c.obj                   20      0         0      
       strlen.c.obj                   20      0         0      
       wcslen.c.obj                   18      0         0      
       copy_decompress_none.c.obj     14      0         0      
       errno.c.obj                    8       0         4      
       exit.c.obj                     4       0         0      
       pre_init.c.obj                 4       0         0      
       div0.asm.obj                   2       0         0      
    +--+------------------------------+-------+---------+---------+
       Total:                         8071    257       4      
                                                               
       Heap:                          0       0         4096   
       Stack:                         0       0         4096   
       Linker Generated:              0       60        0      
    +--+------------------------------+-------+---------+---------+
       Grand Total:                   10903   945       8930   


LINKER GENERATED COPY TABLES

__TI_cinit_table @ 00002e40 records: 3, size/record: 8, table size: 24
	.bss: load addr=00002e28, load size=00000008 bytes, run addr=20002270, run size=00000058 bytes, compression=zero_init
	.data: load addr=00002e30, load size=00000008 bytes, run addr=200022c8, run size=00000020 bytes, compression=lzss
	.vtable: load addr=00002e38, load size=00000008 bytes, run addr=20000000, run size=0000026c bytes, compression=zero_init


LINKER GENERATED HANDLER TABLE

__TI_handler_table @ 00002e18 records: 3, size/record: 4, table size: 12
	index: 0, handler: __TI_zero_init
	index: 1, handler: __TI_decompress_lzss
	index: 2, handler: __TI_decompress_none


GLOBAL SYMBOLS: SORTED ALPHABETICALLY BY Name 

address   name                          
-------   ----                          
00002d09  C$$EXIT                       
00002cdb  CPUcpsie                      
200022dc  END_TIME                      
00002cad  IntMasterEnable               
00002add  IntRegister                   
00002ce7  ResetISR                      
200022d8  START_TIME                    
200022e0  STATE                         
0000136d  TIMER3B_Handler               
00001833  UART1_Handler                 
20001270  __STACK_END                   
00001000  __STACK_SIZE                  
20000470  __STACK_TOP                   
00001000  __SYSMEM_SIZE                 
00002e40  __TI_CINIT_Base               
00002e58  __TI_CINIT_Limit              
00002e18  __TI_Handler_Table_Base       
00002e24  __TI_Handler_Table_Limit      
000029a1  __TI_auto_init_nobinit_nopinit
00002743  __TI_decompress_lzss          
00002ccd  __TI_decompress_none          
00002867  __TI_ltoa                     
ffffffff  __TI_pprof_out_hndl           
0000026d  __TI_printfi                  
ffffffff  __TI_prof_data_size           
ffffffff  __TI_prof_data_start          
00000000  __TI_static_base__            
00002bc3  __TI_zero_init_nomemset       
000024e1  __aeabi_cdcmpeq               
000024e1  __aeabi_cdcmple               
00002567  __aeabi_cdrcmple              
000026d5  __aeabi_d2f                   
00002959  __aeabi_d2iz                  
00001af7  __aeabi_dadd                  
00001de1  __aeabi_ddiv                  
0000214d  __aeabi_dmul                  
00001aed  __aeabi_dsub                  
00002cfd  __aeabi_errno_addr            
00002aa3  __aeabi_f2d                   
00002b75  __aeabi_i2d                   
00000cbb  __aeabi_idiv0                 
00000cbb  __aeabi_ldiv0                 
000025ed  __aeabi_memclr                
000025ed  __aeabi_memclr4               
000025ed  __aeabi_memclr8               
000023af  __aeabi_memcpy                
000023af  __aeabi_memcpy4               
000023af  __aeabi_memcpy8               
000025ef  __aeabi_memset                
000025ef  __aeabi_memset4               
000025ef  __aeabi_memset8               
00002ba3  __aeabi_ui2d                  
0000244b  __aeabi_uldivmod              
ffffffff  __binit__                     
ffffffff  __c_args__                    
UNDEFED   __mpu_init                    
20000270  __stack                       
20000000  __start___llvm_prf_cnts       
20000000  __stop___llvm_prf_cnts        
00002b11  _c_int00_noargs               
00002d0c  _ctypes_                      
200022e1  _running                      
20001270  _sys_memory                   
UNDEFED   _system_post_cinit            
00002d05  _system_pre_init              
200022c4  _timeout_ticks                
00002d09  abort                         
0000290d  atoi                          
ffffffff  binit                         
00002bfb  copysign                      
00002bfb  copysignl                     
200022e4  errno                         
000027ad  frexp                         
000027ad  frexpl                        
20000000  g_pfnRAMVectors               
00000000  g_pfnVectors                  
200022d4  kill_action                   
00002cbd  lcd_clear                     
00000e91  lcd_gotoLine                  
00000cf9  lcd_init                      
00000ef7  lcd_printf                    
00000db9  lcd_putc                      
00000df1  lcd_puts                      
00000cbd  lcd_reverseNibble             
00000e0f  lcd_sendCommand               
00000e4d  lcd_sendNibble                
00000eb9  lcd_setCursorPos              
0000203d  ldexp                         
0000203d  ldexpl                        
00002297  main                          
00002bdf  memccpy                       
000023af  memcpy                        
000025f5  memset                        
000013b1  ping_getDistance              
00001255  ping_init                     
000012ef  ping_trigger                  
200022cc  run_calibrate                 
200022d0  run_go                        
200022c8  run_scan                      
0000203d  scalbn                        
0000203d  scalbnl                       
00002249  scan                          
000029e5  sprintf                       
00002c5d  strchr                        
00002c45  strcmp                        
00002c73  strcpy                        
00002c87  strlen                        
000015c7  timer_getMicros               
0000156f  timer_getMillis               
000014a9  timer_init                    
0000154b  timer_pause                   
0000155d  timer_resume                  
00001521  timer_stop                    
00001621  timer_waitMicros              
00001653  timer_waitMillis              
000016f1  uart_interrupt_init           
00001801  uart_receive                  
000017e5  uart_sendChar                 
00001815  uart_sendStr                  
00002a25  vsnprintf                     
00002c9b  wcslen                        


GLOBAL SYMBOLS: SORTED BY Symbol Address 

address   name                          
-------   ----                          
00000000  __TI_static_base__            
00000000  g_pfnVectors                  
0000026d  __TI_printfi                  
00000cbb  __aeabi_idiv0                 
00000cbb  __aeabi_ldiv0                 
00000cbd  lcd_reverseNibble             
00000cf9  lcd_init                      
00000db9  lcd_putc                      
00000df1  lcd_puts                      
00000e0f  lcd_sendCommand               
00000e4d  lcd_sendNibble                
00000e91  lcd_gotoLine                  
00000eb9  lcd_setCursorPos              
00000ef7  lcd_printf                    
00001000  __STACK_SIZE                  
00001000  __SYSMEM_SIZE                 
00001255  ping_init                     
000012ef  ping_trigger                  
0000136d  TIMER3B_Handler               
000013b1  ping_getDistance              
000014a9  timer_init                    
00001521  timer_stop                    
0000154b  timer_pause                   
0000155d  timer_resume                  
0000156f  timer_getMillis               
000015c7  timer_getMicros               
00001621  timer_waitMicros              
00001653  timer_waitMillis              
000016f1  uart_interrupt_init           
000017e5  uart_sendChar                 
00001801  uart_receive                  
00001815  uart_sendStr                  
00001833  UART1_Handler                 
00001aed  __aeabi_dsub                  
00001af7  __aeabi_dadd                  
00001de1  __aeabi_ddiv                  
0000203d  ldexp                         
0000203d  ldexpl                        
0000203d  scalbn                        
0000203d  scalbnl                       
0000214d  __aeabi_dmul                  
00002249  scan                          
00002297  main                          
000023af  __aeabi_memcpy                
000023af  __aeabi_memcpy4               
000023af  __aeabi_memcpy8               
000023af  memcpy                        
0000244b  __aeabi_uldivmod              
000024e1  __aeabi_cdcmpeq               
000024e1  __aeabi_cdcmple               
00002567  __aeabi_cdrcmple              
000025ed  __aeabi_memclr                
000025ed  __aeabi_memclr4               
000025ed  __aeabi_memclr8               
000025ef  __aeabi_memset                
000025ef  __aeabi_memset4               
000025ef  __aeabi_memset8               
000025f5  memset                        
000026d5  __aeabi_d2f                   
00002743  __TI_decompress_lzss          
000027ad  frexp                         
000027ad  frexpl                        
00002867  __TI_ltoa                     
0000290d  atoi                          
00002959  __aeabi_d2iz                  
000029a1  __TI_auto_init_nobinit_nopinit
000029e5  sprintf                       
00002a25  vsnprintf                     
00002aa3  __aeabi_f2d                   
00002add  IntRegister                   
00002b11  _c_int00_noargs               
00002b75  __aeabi_i2d                   
00002ba3  __aeabi_ui2d                  
00002bc3  __TI_zero_init_nomemset       
00002bdf  memccpy                       
00002bfb  copysign                      
00002bfb  copysignl                     
00002c45  strcmp                        
00002c5d  strchr                        
00002c73  strcpy                        
00002c87  strlen                        
00002c9b  wcslen                        
00002cad  IntMasterEnable               
00002cbd  lcd_clear                     
00002ccd  __TI_decompress_none          
00002cdb  CPUcpsie                      
00002ce7  ResetISR                      
00002cfd  __aeabi_errno_addr            
00002d05  _system_pre_init              
00002d09  C$$EXIT                       
00002d09  abort                         
00002d0c  _ctypes_                      
00002e18  __TI_Handler_Table_Base       
00002e24  __TI_Handler_Table_Limit      
00002e40  __TI_CINIT_Base               
00002e58  __TI_CINIT_Limit              
20000000  __start___llvm_prf_cnts       
20000000  __stop___llvm_prf_cnts        
20000000  g_pfnRAMVectors               
20000270  __stack                       
20000470  __STACK_TOP                   
20001270  __STACK_END                   
20001270  _sys_memory                   
200022c4  _timeout_ticks                
200022c8  run_scan                      
200022cc  run_calibrate                 
200022d0  run_go                        
200022d4  kill_action                   
200022d8  START_TIME                    
200022dc  END_TIME                      
200022e0  STATE                         
200022e1  _running                      
200022e4  errno                         
ffffffff  __TI_pprof_out_hndl           
ffffffff  __TI_prof_data_size           
ffffffff  __TI_prof_data_start          
ffffffff  __binit__                     
ffffffff  __c_args__                    
ffffffff  binit                         
UNDEFED   __mpu_init                    
UNDEFED   _system_post_cinit            

[121 symbols]
